<?xml version="1.0" encoding="utf-8"?>
<TestRun id="7822162c-47e2-4d31-a9da-d11ffb48ca14" name="david@GWTN156-4 2021-10-30 00:32:30" runUser="GWTN156-4\david" xmlns="http://microsoft.com/schemas/VisualStudio/TeamTest/2010">
  <Times creation="2021-10-30T00:32:30.1031583-04:00" queuing="2021-10-30T00:32:30.1031601-04:00" start="2021-10-30T00:32:28.2501676-04:00" finish="2021-10-30T00:32:30.1611340-04:00" />
  <TestSettings name="default" id="089280d5-bb02-4076-acec-c6f967441f9a">
    <Deployment runDeploymentRoot="david_GWTN156-4_2021-10-30_00_32_30" />
  </TestSettings>
  <Results>
    <UnitTestResult executionId="7039701b-ad08-4282-85c1-288d76b35fdb" testId="db1f0f57-dfbf-7d64-4359-94fbe4f3d8ed" testName="CaffeineCrashProvider.Sizes.SizesFastFoodTest.Mocha_Latte_Cappuccino_EtcSizes_CreateReasonableTimes" computerName="GWTN156-4" duration="00:00:00.0006105" startTime="2021-10-30T00:32:30.0503471-04:00" endTime="2021-10-30T00:32:30.0503472-04:00" testType="13cdc9d9-ddb5-4fa4-a97d-d965ccfc6d4b" outcome="Passed" testListId="8c84fa94-04c1-424b-9868-57a2d4851a1d" relativeResultsDirectory="7039701b-ad08-4282-85c1-288d76b35fdb" />
    <UnitTestResult executionId="59bcec15-8c06-48fc-8ec2-78d3ed42851e" testId="0fb91090-29cd-2b5d-a546-44e8c2e92b2b" testName="CaffeineCrashProvider.Sizes.SizesCanTest.All_Sources_Have_Fields" computerName="GWTN156-4" duration="00:00:00.0002978" startTime="2021-10-30T00:32:30.0546744-04:00" endTime="2021-10-30T00:32:30.0546746-04:00" testType="13cdc9d9-ddb5-4fa4-a97d-d965ccfc6d4b" outcome="Passed" testListId="8c84fa94-04c1-424b-9868-57a2d4851a1d" relativeResultsDirectory="59bcec15-8c06-48fc-8ec2-78d3ed42851e" />
    <UnitTestResult executionId="91492ba3-85d4-4572-91f6-ec1b170c2220" testId="1e002cdf-73d2-7efb-59d0-153130404d3e" testName="CaffeineCrashProvider.Sizes.SizesCoffeehouseTest.All_Sources_Have_Fields" computerName="GWTN156-4" duration="00:00:00.0009599" startTime="2021-10-30T00:32:30.0566803-04:00" endTime="2021-10-30T00:32:30.0566805-04:00" testType="13cdc9d9-ddb5-4fa4-a97d-d965ccfc6d4b" outcome="Passed" testListId="8c84fa94-04c1-424b-9868-57a2d4851a1d" relativeResultsDirectory="91492ba3-85d4-4572-91f6-ec1b170c2220" />
    <UnitTestResult executionId="3a448a02-4cdd-4a93-853c-b966fbd2e974" testId="c2441976-e9d5-4a7c-6066-d970dffe5c3d" testName="CaffeineCrashProvider.Sizes.SizesCoffeehouseTest.EspressoFrapSizes_CreateReasonableTimes" computerName="GWTN156-4" duration="00:00:00.0005674" startTime="2021-10-30T00:32:30.0574934-04:00" endTime="2021-10-30T00:32:30.0574936-04:00" testType="13cdc9d9-ddb5-4fa4-a97d-d965ccfc6d4b" outcome="Passed" testListId="8c84fa94-04c1-424b-9868-57a2d4851a1d" relativeResultsDirectory="3a448a02-4cdd-4a93-853c-b966fbd2e974" />
    <UnitTestResult executionId="c1f26de8-95ac-4e1e-9916-a73b500dfb55" testId="609ec003-ed60-90ac-64ad-863fb2cfa166" testName="CaffeineCrashProvider.Sizes.SizesDonutTest.Iced_Mocha_Latte_Cappuccino_EtcSizes_CreateReasonableTimes" computerName="GWTN156-4" duration="00:00:00.0004317" startTime="2021-10-30T00:32:30.0565446-04:00" endTime="2021-10-30T00:32:30.0565447-04:00" testType="13cdc9d9-ddb5-4fa4-a97d-d965ccfc6d4b" outcome="Passed" testListId="8c84fa94-04c1-424b-9868-57a2d4851a1d" relativeResultsDirectory="c1f26de8-95ac-4e1e-9916-a73b500dfb55" />
    <UnitTestResult executionId="6415a717-2c4f-4693-98bb-099ab955138b" testId="097a3506-fa91-8c04-3efd-a51a0bf5b35c" testName="CaffeineCrashProvider.Sizes.SizesBottleTest.CoffeeSizes_CreateReasonableTimes" computerName="GWTN156-4" duration="00:00:00.0012803" startTime="2021-10-30T00:32:30.0594433-04:00" endTime="2021-10-30T00:32:30.0594438-04:00" testType="13cdc9d9-ddb5-4fa4-a97d-d965ccfc6d4b" outcome="Passed" testListId="8c84fa94-04c1-424b-9868-57a2d4851a1d" relativeResultsDirectory="6415a717-2c4f-4693-98bb-099ab955138b" />
    <UnitTestResult executionId="c8649a9b-3cc8-433f-b9b7-6218d131c1ca" testId="5613d3ed-fc63-4065-d9c3-657a0a8ae631" testName="CaffeineCrashProvider.Sizes.SizesDonutTest.Iced_Green_TeaSizes_CreateReasonableTimes" computerName="GWTN156-4" duration="00:00:00.0004684" startTime="2021-10-30T00:32:30.0566230-04:00" endTime="2021-10-30T00:32:30.0566232-04:00" testType="13cdc9d9-ddb5-4fa4-a97d-d965ccfc6d4b" outcome="Passed" testListId="8c84fa94-04c1-424b-9868-57a2d4851a1d" relativeResultsDirectory="c8649a9b-3cc8-433f-b9b7-6218d131c1ca" />
    <UnitTestResult executionId="497d1a51-8a5c-4f8a-953c-de2ce99bb77d" testId="99ff6d1d-6770-727f-e58f-8a45891a56ad" testName="CaffeineCrashProvider.Sizes.SizesCoffeehouseTest.RegularSizes_CreateReasonableTimes" computerName="GWTN156-4" duration="00:00:00.0004752" startTime="2021-10-30T00:32:30.0518932-04:00" endTime="2021-10-30T00:32:30.0518934-04:00" testType="13cdc9d9-ddb5-4fa4-a97d-d965ccfc6d4b" outcome="Passed" testListId="8c84fa94-04c1-424b-9868-57a2d4851a1d" relativeResultsDirectory="497d1a51-8a5c-4f8a-953c-de2ce99bb77d" />
    <UnitTestResult executionId="c0161e37-447b-40b9-973e-c05c92f25819" testId="5598bb77-a9fd-af9d-da1b-1f5a693696ef" testName="CaffeineCrashProvider.FormulasTest.CalculateCrash_ReturnsIntuitiveValueWithLowCoeff" computerName="GWTN156-4" duration="00:00:00.0001632" startTime="2021-10-30T00:32:30.0536248-04:00" endTime="2021-10-30T00:32:30.0536252-04:00" testType="13cdc9d9-ddb5-4fa4-a97d-d965ccfc6d4b" outcome="Passed" testListId="8c84fa94-04c1-424b-9868-57a2d4851a1d" relativeResultsDirectory="c0161e37-447b-40b9-973e-c05c92f25819" />
    <UnitTestResult executionId="f9ed60e9-69b0-49cd-9a9e-661b9e1f30ce" testId="e57200aa-c14d-52ca-d21b-7efa942d10bd" testName="CaffeineCrashProvider.Sizes.SizesDonutTest.All_Sources_Have_Fields" computerName="GWTN156-4" duration="00:00:00.0004869" startTime="2021-10-30T00:32:30.0576399-04:00" endTime="2021-10-30T00:32:30.0576401-04:00" testType="13cdc9d9-ddb5-4fa4-a97d-d965ccfc6d4b" outcome="Passed" testListId="8c84fa94-04c1-424b-9868-57a2d4851a1d" relativeResultsDirectory="f9ed60e9-69b0-49cd-9a9e-661b9e1f30ce" />
    <UnitTestResult executionId="46b752e9-4bfe-4c3a-8fd1-c5f5d0fc2bed" testId="328e1c06-3ddf-bdb8-e112-366ac49c7d3e" testName="CaffeineCrashProvider.FormulasTest.CalculateCrash_ReturnsMax6" computerName="GWTN156-4" duration="00:00:00.0001559" startTime="2021-10-30T00:32:30.0529509-04:00" endTime="2021-10-30T00:32:30.0529510-04:00" testType="13cdc9d9-ddb5-4fa4-a97d-d965ccfc6d4b" outcome="Passed" testListId="8c84fa94-04c1-424b-9868-57a2d4851a1d" relativeResultsDirectory="46b752e9-4bfe-4c3a-8fd1-c5f5d0fc2bed" />
    <UnitTestResult executionId="3037cd15-1c70-4f1f-b086-08134c7c3af9" testId="dd276f16-e833-ed69-f959-d4827b4bcd2b" testName="CaffeineCrashProvider.Sizes.SizesDonutTest.MacchiatoSizes_CreateReasonableTimes" computerName="GWTN156-4" duration="00:00:00.0005196" startTime="2021-10-30T00:32:30.0518818-04:00" endTime="2021-10-30T00:32:30.0518819-04:00" testType="13cdc9d9-ddb5-4fa4-a97d-d965ccfc6d4b" outcome="Passed" testListId="8c84fa94-04c1-424b-9868-57a2d4851a1d" relativeResultsDirectory="3037cd15-1c70-4f1f-b086-08134c7c3af9" />
    <UnitTestResult executionId="2e3d6840-ac8a-4945-a330-e85b05ceafa7" testId="337c480b-d3d5-6ffb-8e01-5c4de9f0d9fe" testName="CaffeineCrashProvider.Sizes.SizesDonutTest.Iced_TeaSizes_CreateReasonableTimes" computerName="GWTN156-4" duration="00:00:00.0003909" startTime="2021-10-30T00:32:30.0566684-04:00" endTime="2021-10-30T00:32:30.0566686-04:00" testType="13cdc9d9-ddb5-4fa4-a97d-d965ccfc6d4b" outcome="Passed" testListId="8c84fa94-04c1-424b-9868-57a2d4851a1d" relativeResultsDirectory="2e3d6840-ac8a-4945-a330-e85b05ceafa7" />
    <UnitTestResult executionId="eb342393-da0a-4e5f-888e-59fde30c9c21" testId="2df08213-f4f0-80b4-4f09-49ce344a8fab" testName="CaffeineCrashProvider.Sizes.SizesCoffeehouseTest.LightSizes_CreateReasonableTimes" computerName="GWTN156-4" duration="00:00:00.0004576" startTime="2021-10-30T00:32:30.0545837-04:00" endTime="2021-10-30T00:32:30.0545839-04:00" testType="13cdc9d9-ddb5-4fa4-a97d-d965ccfc6d4b" outcome="Passed" testListId="8c84fa94-04c1-424b-9868-57a2d4851a1d" relativeResultsDirectory="eb342393-da0a-4e5f-888e-59fde30c9c21" />
    <UnitTestResult executionId="9c0e2195-6064-42a5-89ac-b22492907a37" testId="0f2cf696-29c1-a23e-a86a-c64f22c09064" testName="CaffeineCrashProvider.ProviderExtensionsTest.ToNumericString_ReturnsOnlyNumbersAndDecimals" computerName="GWTN156-4" duration="00:00:00.0088963" startTime="2021-10-30T00:32:30.0075801-04:00" endTime="2021-10-30T00:32:30.0075804-04:00" testType="13cdc9d9-ddb5-4fa4-a97d-d965ccfc6d4b" outcome="Passed" testListId="8c84fa94-04c1-424b-9868-57a2d4851a1d" relativeResultsDirectory="9c0e2195-6064-42a5-89ac-b22492907a37" />
    <UnitTestResult executionId="247b6694-7f78-4075-81bc-0f3a63c3a253" testId="00183d72-d790-e708-235e-1fa91be48ac1" testName="CaffeineCrashProvider.Sizes.SizesDonutTest.DarkSizes_CreateReasonableTimes" computerName="GWTN156-4" duration="00:00:00.0004756" startTime="2021-10-30T00:32:30.0555288-04:00" endTime="2021-10-30T00:32:30.0555290-04:00" testType="13cdc9d9-ddb5-4fa4-a97d-d965ccfc6d4b" outcome="Passed" testListId="8c84fa94-04c1-424b-9868-57a2d4851a1d" relativeResultsDirectory="247b6694-7f78-4075-81bc-0f3a63c3a253" />
    <UnitTestResult executionId="29cdac3b-d954-4048-b078-94d16e90c825" testId="5d30d17d-a1dd-0275-69af-2777cf99f996" testName="CaffeineCrashProvider.Sizes.SizesDonutTest.Iced_DarkSizes_CreateReasonableTimes" computerName="GWTN156-4" duration="00:00:00.0004647" startTime="2021-10-30T00:32:30.0529063-04:00" endTime="2021-10-30T00:32:30.0529065-04:00" testType="13cdc9d9-ddb5-4fa4-a97d-d965ccfc6d4b" outcome="Passed" testListId="8c84fa94-04c1-424b-9868-57a2d4851a1d" relativeResultsDirectory="29cdac3b-d954-4048-b078-94d16e90c825" />
    <UnitTestResult executionId="23c48cef-71fb-45dd-9c3a-dcc58b733686" testId="b2b54bda-c7c5-6e12-9d30-3e930cbfaaff" testName="CaffeineCrashProvider.Sizes.SizesFastFoodTest.All_Fields_Are_Contained_In_Sources" computerName="GWTN156-4" duration="00:00:00.0004092" startTime="2021-10-30T00:32:30.0538375-04:00" endTime="2021-10-30T00:32:30.0538377-04:00" testType="13cdc9d9-ddb5-4fa4-a97d-d965ccfc6d4b" outcome="Passed" testListId="8c84fa94-04c1-424b-9868-57a2d4851a1d" relativeResultsDirectory="23c48cef-71fb-45dd-9c3a-dcc58b733686" />
    <UnitTestResult executionId="1b6d218d-5bbf-4f44-bbef-b7a095c43957" testId="f3b85a79-2aeb-0cb6-c420-0a65ef81a967" testName="CaffeineCrashProvider.Sizes.SizesCoffeehouseTest.Green_Tea_LatteSizes_CreateReasonableTimes" computerName="GWTN156-4" duration="00:00:00.0004854" startTime="2021-10-30T00:32:30.0537239-04:00" endTime="2021-10-30T00:32:30.0537241-04:00" testType="13cdc9d9-ddb5-4fa4-a97d-d965ccfc6d4b" outcome="Passed" testListId="8c84fa94-04c1-424b-9868-57a2d4851a1d" relativeResultsDirectory="1b6d218d-5bbf-4f44-bbef-b7a095c43957" />
    <UnitTestResult executionId="f2b44565-8522-4717-98eb-14cdb01c4cdb" testId="d6256e45-4c76-6943-6d24-c4b5a62d29f2" testName="CaffeineCrashProvider.FormulasTest.WeightFactor_ReturnsBaseline" computerName="GWTN156-4" duration="00:00:00.0001581" startTime="2021-10-30T00:32:30.0536970-04:00" endTime="2021-10-30T00:32:30.0536972-04:00" testType="13cdc9d9-ddb5-4fa4-a97d-d965ccfc6d4b" outcome="Passed" testListId="8c84fa94-04c1-424b-9868-57a2d4851a1d" relativeResultsDirectory="f2b44565-8522-4717-98eb-14cdb01c4cdb" />
    <UnitTestResult executionId="0269cb62-673d-4fb7-9e61-c76b85e83f3d" testId="cb9e3e00-eec0-feb7-df9c-ce71d9954035" testName="CaffeineCrashProvider.Sizes.SizesBottleTest.All_Fields_Are_Contained_In_Sources" computerName="GWTN156-4" duration="00:00:00.0005375" startTime="2021-10-30T00:32:30.0594892-04:00" endTime="2021-10-30T00:32:30.0594894-04:00" testType="13cdc9d9-ddb5-4fa4-a97d-d965ccfc6d4b" outcome="Passed" testListId="8c84fa94-04c1-424b-9868-57a2d4851a1d" relativeResultsDirectory="0269cb62-673d-4fb7-9e61-c76b85e83f3d" />
    <UnitTestResult executionId="27ada954-28a5-448f-a851-d019399cc5e5" testId="5c357f2f-b5c4-fa76-4bda-eefc9f554650" testName="CaffeineCrashProvider.Sizes.SizesCoffeehouseTest.All_Fields_Are_Contained_In_Sources" computerName="GWTN156-4" duration="00:00:00.0003685" startTime="2021-10-30T00:32:30.0576052-04:00" endTime="2021-10-30T00:32:30.0576054-04:00" testType="13cdc9d9-ddb5-4fa4-a97d-d965ccfc6d4b" outcome="Passed" testListId="8c84fa94-04c1-424b-9868-57a2d4851a1d" relativeResultsDirectory="27ada954-28a5-448f-a851-d019399cc5e5" />
    <UnitTestResult executionId="cf24fb62-e2c9-4efe-a71d-f75869542d44" testId="d282f326-a5fd-494d-3db8-5f1c3f3f3bb5" testName="CaffeineCrashProvider.Sizes.SizesDonutTest.RegularSizes_CreateReasonableTimes" computerName="GWTN156-4" duration="00:00:00.0004000" startTime="2021-10-30T00:32:30.0557701-04:00" endTime="2021-10-30T00:32:30.0557702-04:00" testType="13cdc9d9-ddb5-4fa4-a97d-d965ccfc6d4b" outcome="Passed" testListId="8c84fa94-04c1-424b-9868-57a2d4851a1d" relativeResultsDirectory="cf24fb62-e2c9-4efe-a71d-f75869542d44" />
    <UnitTestResult executionId="f53bc4df-8903-4c3c-93a7-c8701bbc44a5" testId="824332cd-c991-08df-9da1-6a5ac1f16951" testName="CaffeineCrashProvider.Sizes.SizesCoffeehouseTest.CoffeeFrapSizes_CreateReasonableTimes" computerName="GWTN156-4" duration="00:00:00.0005848" startTime="2021-10-30T00:32:30.0565307-04:00" endTime="2021-10-30T00:32:30.0565309-04:00" testType="13cdc9d9-ddb5-4fa4-a97d-d965ccfc6d4b" outcome="Passed" testListId="8c84fa94-04c1-424b-9868-57a2d4851a1d" relativeResultsDirectory="f53bc4df-8903-4c3c-93a7-c8701bbc44a5" />
    <UnitTestResult executionId="53f2c06c-b4ff-4a22-8933-8f2ce7f5343d" testId="e5d93527-0fad-5fb7-6f02-672ea7a22eff" testName="CaffeineCrashProvider.FormulasTest.CalculateCrash_ReturnsIntuitiveValueWithHighCoeff" computerName="GWTN156-4" duration="00:00:00.0001629" startTime="2021-10-30T00:32:30.0518710-04:00" endTime="2021-10-30T00:32:30.0518711-04:00" testType="13cdc9d9-ddb5-4fa4-a97d-d965ccfc6d4b" outcome="Passed" testListId="8c84fa94-04c1-424b-9868-57a2d4851a1d" relativeResultsDirectory="53f2c06c-b4ff-4a22-8933-8f2ce7f5343d" />
    <UnitTestResult executionId="95b0f678-d453-426a-97f5-22263c41cf34" testId="eb7cc627-497f-d703-756b-1265aad400f2" testName="CaffeineCrashProvider.Sizes.SizesDonutTest.Green_TeaSizes_CreateReasonableTimes" computerName="GWTN156-4" duration="00:00:00.0063222" startTime="2021-10-30T00:32:30.0076178-04:00" endTime="2021-10-30T00:32:30.0076181-04:00" testType="13cdc9d9-ddb5-4fa4-a97d-d965ccfc6d4b" outcome="Passed" testListId="8c84fa94-04c1-424b-9868-57a2d4851a1d" relativeResultsDirectory="95b0f678-d453-426a-97f5-22263c41cf34" />
    <UnitTestResult executionId="8451c787-ff83-47a1-b7bc-0953523eadaa" testId="62a417d9-d19f-ae51-2b7e-b19fbbb03ada" testName="CaffeineCrashProvider.Sizes.SizesCoffeehouseTest.Iced_Mocha_Latte_Cappuccino_EtcSizes_CreateReasonableTimes" computerName="GWTN156-4" duration="00:00:00.0063729" startTime="2021-10-30T00:32:30.0075408-04:00" endTime="2021-10-30T00:32:30.0075411-04:00" testType="13cdc9d9-ddb5-4fa4-a97d-d965ccfc6d4b" outcome="Passed" testListId="8c84fa94-04c1-424b-9868-57a2d4851a1d" relativeResultsDirectory="8451c787-ff83-47a1-b7bc-0953523eadaa" />
    <UnitTestResult executionId="72c85285-f743-4899-817f-0833ae5e778a" testId="b386e336-ac8c-3542-deee-e789773ea702" testName="CaffeineCrashProvider.Sizes.SizesCoffeehouseTest.Iced_Chai_TeaSizes_CreateReasonableTimes" computerName="GWTN156-4" duration="00:00:00.0004480" startTime="2021-10-30T00:32:30.0528717-04:00" endTime="2021-10-30T00:32:30.0528719-04:00" testType="13cdc9d9-ddb5-4fa4-a97d-d965ccfc6d4b" outcome="Passed" testListId="8c84fa94-04c1-424b-9868-57a2d4851a1d" relativeResultsDirectory="72c85285-f743-4899-817f-0833ae5e778a" />
    <UnitTestResult executionId="4a8b5194-44c2-439f-9880-1d11d04ef37e" testId="b4ad1e61-b538-bb07-414b-02f9667e54fb" testName="CaffeineCrashProvider.Sizes.SizesCanTest.WorkoutEnergyDrinkSizes_CreateReasonableTimes" computerName="GWTN156-4" duration="00:00:00.0004003" startTime="2021-10-30T00:32:30.0517435-04:00" endTime="2021-10-30T00:32:30.0517446-04:00" testType="13cdc9d9-ddb5-4fa4-a97d-d965ccfc6d4b" outcome="Passed" testListId="8c84fa94-04c1-424b-9868-57a2d4851a1d" relativeResultsDirectory="4a8b5194-44c2-439f-9880-1d11d04ef37e" />
    <UnitTestResult executionId="2e2f4325-4eb6-4df1-95a8-32a55c96f648" testId="255d98cb-c013-9ee7-5a13-ced29b00883c" testName="CaffeineCrashProvider.ProviderExtensionsTest.ToNaturalNumericString_ReturnsOnlyNumbers" computerName="GWTN156-4" duration="00:00:00.0004523" startTime="2021-10-30T00:32:30.0502254-04:00" endTime="2021-10-30T00:32:30.0502259-04:00" testType="13cdc9d9-ddb5-4fa4-a97d-d965ccfc6d4b" outcome="Passed" testListId="8c84fa94-04c1-424b-9868-57a2d4851a1d" relativeResultsDirectory="2e2f4325-4eb6-4df1-95a8-32a55c96f648" />
    <UnitTestResult executionId="f51036ae-6593-423e-886a-5b3a0f54c2bb" testId="07b3952b-71ca-530b-941c-0e3abfb43951" testName="CaffeineCrashProvider.Sizes.SizesSetTest.SizeDictionariesCanBeLoadedWithReflection" computerName="GWTN156-4" duration="00:00:00.0060878" startTime="2021-10-30T00:32:30.0005307-04:00" endTime="2021-10-30T00:32:30.0006952-04:00" testType="13cdc9d9-ddb5-4fa4-a97d-d965ccfc6d4b" outcome="Passed" testListId="8c84fa94-04c1-424b-9868-57a2d4851a1d" relativeResultsDirectory="f51036ae-6593-423e-886a-5b3a0f54c2bb" />
    <UnitTestResult executionId="60a9a567-e354-4b56-8372-0a73ee472329" testId="0f8d9e86-fcc1-1255-779b-69fa169378bf" testName="CaffeineCrashProvider.Sizes.SizesCanTest.CoffeeSizes_CreateReasonableTimes" computerName="GWTN156-4" duration="00:00:00.0003320" startTime="2021-10-30T00:32:30.0547649-04:00" endTime="2021-10-30T00:32:30.0547651-04:00" testType="13cdc9d9-ddb5-4fa4-a97d-d965ccfc6d4b" outcome="Passed" testListId="8c84fa94-04c1-424b-9868-57a2d4851a1d" relativeResultsDirectory="60a9a567-e354-4b56-8372-0a73ee472329" />
    <UnitTestResult executionId="8b2cc27f-4b7d-47d9-8e02-7c924c8dd518" testId="f9c6c704-a901-b862-8e70-8a4d1bbec7db" testName="CaffeineCrashProvider.FormulasTest.CalculateCrash_ReturnsMin3" computerName="GWTN156-4" duration="00:00:00.0001397" startTime="2021-10-30T00:32:30.0545532-04:00" endTime="2021-10-30T00:32:30.0545536-04:00" testType="13cdc9d9-ddb5-4fa4-a97d-d965ccfc6d4b" outcome="Passed" testListId="8c84fa94-04c1-424b-9868-57a2d4851a1d" relativeResultsDirectory="8b2cc27f-4b7d-47d9-8e02-7c924c8dd518" />
    <UnitTestResult executionId="3508670f-d7e8-473a-a32d-848ced06dff3" testId="594a1593-fb23-3665-76cc-b0bdddc0a76e" testName="CaffeineCrashProvider.Sizes.SizesBottleTest.SkippingATestForJenkins" computerName="GWTN156-4" duration="00:00:00.0010000" startTime="2021-10-30T00:32:30.0591473-04:00" endTime="2021-10-30T00:32:30.0591501-04:00" testType="13cdc9d9-ddb5-4fa4-a97d-d965ccfc6d4b" outcome="NotExecuted" testListId="8c84fa94-04c1-424b-9868-57a2d4851a1d" relativeResultsDirectory="3508670f-d7e8-473a-a32d-848ced06dff3">
      <Output>
        <StdOut>Skipping for Jenkins</StdOut>
      </Output>
    </UnitTestResult>
    <UnitTestResult executionId="b865978e-5368-4328-974f-2c887a058d9c" testId="b7916895-5fb5-5bfe-8d5a-631914a7df37" testName="CaffeineCrashProvider.Sizes.SizesDonutTest.Energy_Cold_BrewSizes_CreateReasonableTimes" computerName="GWTN156-4" duration="00:00:00.0004419" startTime="2021-10-30T00:32:30.0547894-04:00" endTime="2021-10-30T00:32:30.0547896-04:00" testType="13cdc9d9-ddb5-4fa4-a97d-d965ccfc6d4b" outcome="Passed" testListId="8c84fa94-04c1-424b-9868-57a2d4851a1d" relativeResultsDirectory="b865978e-5368-4328-974f-2c887a058d9c" />
    <UnitTestResult executionId="eeee447c-1a03-4502-9756-2ff84a9315ce" testId="14b7a99a-7ceb-f070-3264-0e5a2c27c774" testName="CaffeineCrashProvider.Sizes.SizesCoffeehouseTest.MediumSizes_CreateReasonableTimes" computerName="GWTN156-4" duration="00:00:00.0004445" startTime="2021-10-30T00:32:30.0555749-04:00" endTime="2021-10-30T00:32:30.0555751-04:00" testType="13cdc9d9-ddb5-4fa4-a97d-d965ccfc6d4b" outcome="Passed" testListId="8c84fa94-04c1-424b-9868-57a2d4851a1d" relativeResultsDirectory="eeee447c-1a03-4502-9756-2ff84a9315ce" />
    <UnitTestResult executionId="e2caa0ee-dff1-41b6-8936-73cc01855ad2" testId="266ebc09-9dcf-f6b0-e73d-65b44a1fe7e7" testName="CaffeineCrashProvider.Sizes.SizesCoffeehouseTest.Cold_BrewSizes_CreateReasonableTimes" computerName="GWTN156-4" duration="00:00:00.0005403" startTime="2021-10-30T00:32:30.0568038-04:00" endTime="2021-10-30T00:32:30.0568040-04:00" testType="13cdc9d9-ddb5-4fa4-a97d-d965ccfc6d4b" outcome="Passed" testListId="8c84fa94-04c1-424b-9868-57a2d4851a1d" relativeResultsDirectory="e2caa0ee-dff1-41b6-8936-73cc01855ad2" />
    <UnitTestResult executionId="80033d68-135f-4f9d-8e92-7fac5fb7a90c" testId="34b0158b-ab0c-c5d8-b5e4-7d4b52c36b33" testName="CaffeineCrashProvider.Sizes.SizesDonutTest.Mocha_Latte_Cappuccino_EtcSizes_CreateReasonableTimes" computerName="GWTN156-4" duration="00:00:00.0004837" startTime="2021-10-30T00:32:30.0537839-04:00" endTime="2021-10-30T00:32:30.0537841-04:00" testType="13cdc9d9-ddb5-4fa4-a97d-d965ccfc6d4b" outcome="Passed" testListId="8c84fa94-04c1-424b-9868-57a2d4851a1d" relativeResultsDirectory="80033d68-135f-4f9d-8e92-7fac5fb7a90c" />
    <UnitTestResult executionId="f7a53958-12db-4798-bcee-10dd7b323742" testId="bd9f9283-56b4-8835-2c33-af0901d1b024" testName="CaffeineCrashProvider.Sizes.SizesCoffeehouseTest.IcedSizes_CreateReasonableTimes" computerName="GWTN156-4" duration="00:00:00.0005736" startTime="2021-10-30T00:32:30.0503018-04:00" endTime="2021-10-30T00:32:30.0503020-04:00" testType="13cdc9d9-ddb5-4fa4-a97d-d965ccfc6d4b" outcome="Passed" testListId="8c84fa94-04c1-424b-9868-57a2d4851a1d" relativeResultsDirectory="f7a53958-12db-4798-bcee-10dd7b323742" />
    <UnitTestResult executionId="1733dbba-628c-45cd-b5eb-98185d003064" testId="56a7d48e-0854-41e1-5ee3-df02fb608fa2" testName="CaffeineCrashProvider.Sizes.SizesCanTest.RedOxEnergyDrinkSizes_CreateReasonableTimes" computerName="GWTN156-4" duration="00:00:00.0062837" startTime="2021-10-30T00:32:30.0075998-04:00" endTime="2021-10-30T00:32:30.0076001-04:00" testType="13cdc9d9-ddb5-4fa4-a97d-d965ccfc6d4b" outcome="Passed" testListId="8c84fa94-04c1-424b-9868-57a2d4851a1d" relativeResultsDirectory="1733dbba-628c-45cd-b5eb-98185d003064" />
    <UnitTestResult executionId="5a8948f9-d3de-4d52-82ff-04c379ab4124" testId="e7024df8-0804-01c3-fb74-c06d1156af53" testName="CaffeineCrashProvider.Models.BeverageTest.PerOzConstructor_SetsCorrectTotalAmount" computerName="GWTN156-4" duration="00:00:00.0102018" startTime="2021-10-30T00:32:30.0076357-04:00" endTime="2021-10-30T00:32:30.0076360-04:00" testType="13cdc9d9-ddb5-4fa4-a97d-d965ccfc6d4b" outcome="Passed" testListId="8c84fa94-04c1-424b-9868-57a2d4851a1d" relativeResultsDirectory="5a8948f9-d3de-4d52-82ff-04c379ab4124" />
    <UnitTestResult executionId="f47d9c7a-e427-498a-9353-d15636a813ff" testId="2ffab48b-f21c-9f60-8229-84b2d5708eb2" testName="CaffeineCrashProvider.Sizes.SizesCanTest.All_Fields_Are_Contained_In_Sources" computerName="GWTN156-4" duration="00:00:00.0013418" startTime="2021-10-30T00:32:30.0539058-04:00" endTime="2021-10-30T00:32:30.0539060-04:00" testType="13cdc9d9-ddb5-4fa4-a97d-d965ccfc6d4b" outcome="Passed" testListId="8c84fa94-04c1-424b-9868-57a2d4851a1d" relativeResultsDirectory="f47d9c7a-e427-498a-9353-d15636a813ff" />
    <UnitTestResult executionId="37e6e6e9-a861-4906-8082-baaaef77258c" testId="ef4284ec-5d94-9819-524d-157b67aacb20" testName="CaffeineCrashProvider.Sizes.SizesFastFoodTest.IcedSizes_CreateReasonableTimes" computerName="GWTN156-4" duration="00:00:00.0004360" startTime="2021-10-30T00:32:30.0518592-04:00" endTime="2021-10-30T00:32:30.0518594-04:00" testType="13cdc9d9-ddb5-4fa4-a97d-d965ccfc6d4b" outcome="Passed" testListId="8c84fa94-04c1-424b-9868-57a2d4851a1d" relativeResultsDirectory="37e6e6e9-a861-4906-8082-baaaef77258c" />
    <UnitTestResult executionId="524d9908-efe4-483b-b488-7cf1d256912d" testId="f5e06ff9-db5e-3010-79f3-52ca25ffe836" testName="CaffeineCrashProvider.Sizes.SizesCanTest.FruitVegEnergyDrinkSizes_CreateReasonableTimes" computerName="GWTN156-4" duration="00:00:00.0003245" startTime="2021-10-30T00:32:30.0555028-04:00" endTime="2021-10-30T00:32:30.0555029-04:00" testType="13cdc9d9-ddb5-4fa4-a97d-d965ccfc6d4b" outcome="Passed" testListId="8c84fa94-04c1-424b-9868-57a2d4851a1d" relativeResultsDirectory="524d9908-efe4-483b-b488-7cf1d256912d" />
    <UnitTestResult executionId="38ee739b-ff64-4597-9170-71ec25ca84ae" testId="f1e1b876-3dc1-f218-6f45-6bbfe76e1fe4" testName="CaffeineCrashProvider.FormulasTest.WeightFactor_Above150ReturnsIntuitiveValue" computerName="GWTN156-4" duration="00:00:00.0001711" startTime="2021-10-30T00:32:30.0538609-04:00" endTime="2021-10-30T00:32:30.0538611-04:00" testType="13cdc9d9-ddb5-4fa4-a97d-d965ccfc6d4b" outcome="Passed" testListId="8c84fa94-04c1-424b-9868-57a2d4851a1d" relativeResultsDirectory="38ee739b-ff64-4597-9170-71ec25ca84ae" />
    <UnitTestResult executionId="7601dc90-4bca-4bb1-9e99-eeab00f49593" testId="c7eb1477-d7b0-849d-0fdd-bc8e23062053" testName="CaffeineCrashProvider.Sizes.SizesCoffeehouseTest.FrappLiteSizes_CreateReasonableTimes" computerName="GWTN156-4" duration="00:00:00.0003719" startTime="2021-10-30T00:32:30.0554523-04:00" endTime="2021-10-30T00:32:30.0554527-04:00" testType="13cdc9d9-ddb5-4fa4-a97d-d965ccfc6d4b" outcome="Passed" testListId="8c84fa94-04c1-424b-9868-57a2d4851a1d" relativeResultsDirectory="7601dc90-4bca-4bb1-9e99-eeab00f49593" />
    <UnitTestResult executionId="2bd807ca-b4e5-411f-86fe-0b4090479d4d" testId="55822adc-4c29-229b-995c-4909e2abcca1" testName="CaffeineCrashProvider.FormulasTest.CalculateCoeff_ReturnsIntuitiveValueFromAllConstants" computerName="GWTN156-4" duration="00:00:00.0004254" startTime="2021-10-30T00:32:30.0518048-04:00" endTime="2021-10-30T00:32:30.0518050-04:00" testType="13cdc9d9-ddb5-4fa4-a97d-d965ccfc6d4b" outcome="Passed" testListId="8c84fa94-04c1-424b-9868-57a2d4851a1d" relativeResultsDirectory="2bd807ca-b4e5-411f-86fe-0b4090479d4d" />
    <UnitTestResult executionId="2a24b681-7677-4951-80c4-a8fe8e41a1c0" testId="2757151e-396f-cf7e-e37e-ecc6cae81a47" testName="CaffeineCrashProvider.Sizes.SizesDonutTest.Hot_TeaSizes_CreateReasonableTimes" computerName="GWTN156-4" duration="00:00:00.0004106" startTime="2021-10-30T00:32:30.0564810-04:00" endTime="2021-10-30T00:32:30.0564815-04:00" testType="13cdc9d9-ddb5-4fa4-a97d-d965ccfc6d4b" outcome="Passed" testListId="8c84fa94-04c1-424b-9868-57a2d4851a1d" relativeResultsDirectory="2a24b681-7677-4951-80c4-a8fe8e41a1c0" />
    <UnitTestResult executionId="419b31fb-5158-4013-a678-68f62d017ce5" testId="78d24ff6-3f21-79d5-d623-9fffaf153193" testName="CaffeineCrashProvider.Sizes.SizesDonutTest.IcedSizes_CreateReasonableTimes" computerName="GWTN156-4" duration="00:00:00.0005141" startTime="2021-10-30T00:32:30.0577567-04:00" endTime="2021-10-30T00:32:30.0577570-04:00" testType="13cdc9d9-ddb5-4fa4-a97d-d965ccfc6d4b" outcome="Passed" testListId="8c84fa94-04c1-424b-9868-57a2d4851a1d" relativeResultsDirectory="419b31fb-5158-4013-a678-68f62d017ce5" />
    <UnitTestResult executionId="f8299fe8-e7e7-4812-85b5-bb8b0c0f6b17" testId="8da2f9a7-9dc8-ba70-7bad-f6638f200f98" testName="CaffeineCrashProvider.Sizes.SizesCanTest.EnergyDrinkSizes_CreateReasonableTimes" computerName="GWTN156-4" duration="00:00:00.0003716" startTime="2021-10-30T00:32:30.0527175-04:00" endTime="2021-10-30T00:32:30.0527188-04:00" testType="13cdc9d9-ddb5-4fa4-a97d-d965ccfc6d4b" outcome="Passed" testListId="8c84fa94-04c1-424b-9868-57a2d4851a1d" relativeResultsDirectory="f8299fe8-e7e7-4812-85b5-bb8b0c0f6b17" />
    <UnitTestResult executionId="4f5cd8fd-659f-4af7-85e2-17a64feffba2" testId="78bb7cb0-681f-0554-3c1d-f20fa8558fd2" testName="CaffeineCrashProvider.Sizes.SizesDonutTest.Chai_TeaSizes_CreateReasonableTimes" computerName="GWTN156-4" duration="00:00:00.0004539" startTime="2021-10-30T00:32:30.0556780-04:00" endTime="2021-10-30T00:32:30.0556784-04:00" testType="13cdc9d9-ddb5-4fa4-a97d-d965ccfc6d4b" outcome="Passed" testListId="8c84fa94-04c1-424b-9868-57a2d4851a1d" relativeResultsDirectory="4f5cd8fd-659f-4af7-85e2-17a64feffba2" />
    <UnitTestResult executionId="2cd05f99-5f54-46a6-880c-a1d7a2353eff" testId="25e712f7-c449-e945-c0e1-7b4f8a819a57" testName="CaffeineCrashProvider.Sizes.SizesDonutTest.All_Fields_Are_Contained_In_Sources" computerName="GWTN156-4" duration="00:00:00.0007045" startTime="2021-10-30T00:32:30.0574707-04:00" endTime="2021-10-30T00:32:30.0574714-04:00" testType="13cdc9d9-ddb5-4fa4-a97d-d965ccfc6d4b" outcome="Passed" testListId="8c84fa94-04c1-424b-9868-57a2d4851a1d" relativeResultsDirectory="2cd05f99-5f54-46a6-880c-a1d7a2353eff" />
    <UnitTestResult executionId="7db35579-8871-4949-9d69-5dfb4acbfa46" testId="efe6cd10-277b-26d2-c34f-cc982648b2ae" testName="CaffeineCrashProvider.Sizes.SizesDonutTest.FrozenSizes_CreateReasonableTimes" computerName="GWTN156-4" duration="00:00:00.0005515" startTime="2021-10-30T00:32:30.0502660-04:00" endTime="2021-10-30T00:32:30.0502662-04:00" testType="13cdc9d9-ddb5-4fa4-a97d-d965ccfc6d4b" outcome="Passed" testListId="8c84fa94-04c1-424b-9868-57a2d4851a1d" relativeResultsDirectory="7db35579-8871-4949-9d69-5dfb4acbfa46" />
    <UnitTestResult executionId="addea750-29e7-4e7b-95d5-ca5df5d5dd93" testId="99aa8176-ff46-d01b-d5aa-326d6ab75186" testName="CaffeineCrashProvider.Sizes.SizesDonutTest.AmericanoSizes_CreateReasonableTimes" computerName="GWTN156-4" duration="00:00:00.0004691" startTime="2021-10-30T00:32:30.0546294-04:00" endTime="2021-10-30T00:32:30.0546296-04:00" testType="13cdc9d9-ddb5-4fa4-a97d-d965ccfc6d4b" outcome="Passed" testListId="8c84fa94-04c1-424b-9868-57a2d4851a1d" relativeResultsDirectory="addea750-29e7-4e7b-95d5-ca5df5d5dd93" />
    <UnitTestResult executionId="f563373a-aedf-4b58-a4f9-b751c8e23402" testId="96065a2b-fe83-11be-157a-3de1441dd2a5" testName="CaffeineCrashProvider.Sizes.SizesBottleTest.All_Sources_Have_Fields" computerName="GWTN156-4" duration="00:00:00.0004006" startTime="2021-10-30T00:32:30.0595321-04:00" endTime="2021-10-30T00:32:30.0595323-04:00" testType="13cdc9d9-ddb5-4fa4-a97d-d965ccfc6d4b" outcome="Passed" testListId="8c84fa94-04c1-424b-9868-57a2d4851a1d" relativeResultsDirectory="f563373a-aedf-4b58-a4f9-b751c8e23402" />
    <UnitTestResult executionId="655b9fe3-c896-4d7c-9ca0-44a34900a1e7" testId="9bb486c8-0bb6-3344-6fac-a5e352a605f0" testName="CaffeineCrashProvider.Sizes.SizesCoffeehouseTest.Mocha_Latte_Cappuccino_EtcSizes_CreateReasonableTimes" computerName="GWTN156-4" duration="00:00:00.0004538" startTime="2021-10-30T00:32:30.0557251-04:00" endTime="2021-10-30T00:32:30.0557253-04:00" testType="13cdc9d9-ddb5-4fa4-a97d-d965ccfc6d4b" outcome="Passed" testListId="8c84fa94-04c1-424b-9868-57a2d4851a1d" relativeResultsDirectory="655b9fe3-c896-4d7c-9ca0-44a34900a1e7" />
    <UnitTestResult executionId="5bea52c0-0598-468f-affb-e9cbccee0995" testId="206f45ce-f0b9-ba50-c71a-e62e42d184aa" testName="CaffeineCrashProvider.Sizes.SizesCoffeehouseTest.Chai_TeaSizes_CreateReasonableTimes" computerName="GWTN156-4" duration="00:00:00.0003835" startTime="2021-10-30T00:32:30.0547194-04:00" endTime="2021-10-30T00:32:30.0547196-04:00" testType="13cdc9d9-ddb5-4fa4-a97d-d965ccfc6d4b" outcome="Passed" testListId="8c84fa94-04c1-424b-9868-57a2d4851a1d" relativeResultsDirectory="5bea52c0-0598-468f-affb-e9cbccee0995" />
    <UnitTestResult executionId="0c74e0e2-03c1-4b86-b0d8-06cd72ed6955" testId="60c6c39a-15f9-0ecc-739e-a86af087a6a9" testName="CaffeineCrashProvider.FormulasTest.WeightFactor_Below150ReturnsIntuitiveValue" computerName="GWTN156-4" duration="00:00:00.0002872" startTime="2021-10-30T00:32:30.0528250-04:00" endTime="2021-10-30T00:32:30.0528252-04:00" testType="13cdc9d9-ddb5-4fa4-a97d-d965ccfc6d4b" outcome="Passed" testListId="8c84fa94-04c1-424b-9868-57a2d4851a1d" relativeResultsDirectory="0c74e0e2-03c1-4b86-b0d8-06cd72ed6955" />
    <UnitTestResult executionId="2c949d06-b298-4bae-9477-d30a2b7d8c68" testId="8ddd59d8-f35a-b327-17d6-3da52cd447d1" testName="CaffeineCrashProvider.FormulasTest.CalculateCrash_ReturnsIntuitiveValue" computerName="GWTN156-4" duration="00:00:00.0081099" startTime="2021-10-30T00:32:30.0074818-04:00" endTime="2021-10-30T00:32:30.0074834-04:00" testType="13cdc9d9-ddb5-4fa4-a97d-d965ccfc6d4b" outcome="Passed" testListId="8c84fa94-04c1-424b-9868-57a2d4851a1d" relativeResultsDirectory="2c949d06-b298-4bae-9477-d30a2b7d8c68" />
    <UnitTestResult executionId="a9d03856-7ed0-4459-a3d4-4d5002c04dec" testId="72c4f817-f7a5-046d-a7e6-b59b9a6c77b9" testName="CaffeineCrashProvider.Sizes.SizesCoffeehouseTest.Green_TeaFrappSizes_CreateReasonableTimes" computerName="GWTN156-4" duration="00:00:00.0004750" startTime="2021-10-30T00:32:30.0558149-04:00" endTime="2021-10-30T00:32:30.0558150-04:00" testType="13cdc9d9-ddb5-4fa4-a97d-d965ccfc6d4b" outcome="Passed" testListId="8c84fa94-04c1-424b-9868-57a2d4851a1d" relativeResultsDirectory="a9d03856-7ed0-4459-a3d4-4d5002c04dec" />
    <UnitTestResult executionId="fa7e7b10-a142-4cb9-a369-25693a1241d1" testId="ffe33848-a190-3f69-e5a4-873cc18bc618" testName="CaffeineCrashProvider.Sizes.SizesFastFoodTest.All_Sources_Have_Fields" computerName="GWTN156-4" duration="00:00:00.0060021" startTime="2021-10-30T00:32:30.0075614-04:00" endTime="2021-10-30T00:32:30.0075616-04:00" testType="13cdc9d9-ddb5-4fa4-a97d-d965ccfc6d4b" outcome="Passed" testListId="8c84fa94-04c1-424b-9868-57a2d4851a1d" relativeResultsDirectory="fa7e7b10-a142-4cb9-a369-25693a1241d1" />
    <UnitTestResult executionId="265ed278-20b3-40ea-8cef-8308bf8773c2" testId="099aa15d-625d-0405-763b-3371fbfd1026" testName="CaffeineCrashProvider.Models.BeverageTest.Constructor_SetsOuncesAndCaffeine" computerName="GWTN156-4" duration="00:00:00.0002420" startTime="2021-10-30T00:32:30.0498421-04:00" endTime="2021-10-30T00:32:30.0498432-04:00" testType="13cdc9d9-ddb5-4fa4-a97d-d965ccfc6d4b" outcome="Passed" testListId="8c84fa94-04c1-424b-9868-57a2d4851a1d" relativeResultsDirectory="265ed278-20b3-40ea-8cef-8308bf8773c2" />
    <UnitTestResult executionId="25a871ee-5779-4906-acd4-4426caaa075c" testId="54830355-5b2a-1d15-ca08-60d9c103c99a" testName="CaffeineCrashProvider.Sizes.SizesDonutTest.Cold_BrewSizes_CreateReasonableTimes" computerName="GWTN156-4" duration="00:00:00.0004147" startTime="2021-10-30T00:32:30.0567579-04:00" endTime="2021-10-30T00:32:30.0567581-04:00" testType="13cdc9d9-ddb5-4fa4-a97d-d965ccfc6d4b" outcome="Passed" testListId="8c84fa94-04c1-424b-9868-57a2d4851a1d" relativeResultsDirectory="25a871ee-5779-4906-acd4-4426caaa075c" />
    <UnitTestResult executionId="4ea7c6ce-cf05-4242-b58c-c3d5eec2b7c7" testId="5be701f1-d701-c45c-3109-0c55da010df9" testName="CaffeineCrashProvider.Sizes.SizesFastFoodTest.RegularSizes_CreateReasonableTimes" computerName="GWTN156-4" duration="00:00:00.0007371" startTime="2021-10-30T00:32:30.0530070-04:00" endTime="2021-10-30T00:32:30.0530071-04:00" testType="13cdc9d9-ddb5-4fa4-a97d-d965ccfc6d4b" outcome="Passed" testListId="8c84fa94-04c1-424b-9868-57a2d4851a1d" relativeResultsDirectory="4ea7c6ce-cf05-4242-b58c-c3d5eec2b7c7" />
  </Results>
  <TestDefinitions>
    <UnitTest name="CaffeineCrashProvider.Sizes.SizesCoffeehouseTest.FrappLiteSizes_CreateReasonableTimes" storage="c:\git\caffeinecrashcue\caffeinecrashprovider.test\bin\debug\netcoreapp3.1\caffeinecrashprovider.test.dll" id="c7eb1477-d7b0-849d-0fdd-bc8e23062053">
      <Execution id="7601dc90-4bca-4bb1-9e99-eeab00f49593" />
      <TestMethod codeBase="C:\git\CaffeineCrashCue\CaffeineCrashProvider.Test\bin\Debug\netcoreapp3.1\CaffeineCrashProvider.Test.dll" adapterTypeName="executor://xunit/VsTestRunner2/netcoreapp" className="CaffeineCrashProvider.Sizes.SizesCoffeehouseTest" name="FrappLiteSizes_CreateReasonableTimes" />
    </UnitTest>
    <UnitTest name="CaffeineCrashProvider.Sizes.SizesCoffeehouseTest.Iced_Chai_TeaSizes_CreateReasonableTimes" storage="c:\git\caffeinecrashcue\caffeinecrashprovider.test\bin\debug\netcoreapp3.1\caffeinecrashprovider.test.dll" id="b386e336-ac8c-3542-deee-e789773ea702">
      <Execution id="72c85285-f743-4899-817f-0833ae5e778a" />
      <TestMethod codeBase="C:\git\CaffeineCrashCue\CaffeineCrashProvider.Test\bin\Debug\netcoreapp3.1\CaffeineCrashProvider.Test.dll" adapterTypeName="executor://xunit/VsTestRunner2/netcoreapp" className="CaffeineCrashProvider.Sizes.SizesCoffeehouseTest" name="Iced_Chai_TeaSizes_CreateReasonableTimes" />
    </UnitTest>
    <UnitTest name="CaffeineCrashProvider.Sizes.SizesFastFoodTest.All_Fields_Are_Contained_In_Sources" storage="c:\git\caffeinecrashcue\caffeinecrashprovider.test\bin\debug\netcoreapp3.1\caffeinecrashprovider.test.dll" id="b2b54bda-c7c5-6e12-9d30-3e930cbfaaff">
      <Execution id="23c48cef-71fb-45dd-9c3a-dcc58b733686" />
      <TestMethod codeBase="C:\git\CaffeineCrashCue\CaffeineCrashProvider.Test\bin\Debug\netcoreapp3.1\CaffeineCrashProvider.Test.dll" adapterTypeName="executor://xunit/VsTestRunner2/netcoreapp" className="CaffeineCrashProvider.Sizes.SizesFastFoodTest" name="All_Fields_Are_Contained_In_Sources" />
    </UnitTest>
    <UnitTest name="CaffeineCrashProvider.Sizes.SizesDonutTest.RegularSizes_CreateReasonableTimes" storage="c:\git\caffeinecrashcue\caffeinecrashprovider.test\bin\debug\netcoreapp3.1\caffeinecrashprovider.test.dll" id="d282f326-a5fd-494d-3db8-5f1c3f3f3bb5">
      <Execution id="cf24fb62-e2c9-4efe-a71d-f75869542d44" />
      <TestMethod codeBase="C:\git\CaffeineCrashCue\CaffeineCrashProvider.Test\bin\Debug\netcoreapp3.1\CaffeineCrashProvider.Test.dll" adapterTypeName="executor://xunit/VsTestRunner2/netcoreapp" className="CaffeineCrashProvider.Sizes.SizesDonutTest" name="RegularSizes_CreateReasonableTimes" />
    </UnitTest>
    <UnitTest name="CaffeineCrashProvider.Sizes.SizesCanTest.EnergyDrinkSizes_CreateReasonableTimes" storage="c:\git\caffeinecrashcue\caffeinecrashprovider.test\bin\debug\netcoreapp3.1\caffeinecrashprovider.test.dll" id="8da2f9a7-9dc8-ba70-7bad-f6638f200f98">
      <Execution id="f8299fe8-e7e7-4812-85b5-bb8b0c0f6b17" />
      <TestMethod codeBase="C:\git\CaffeineCrashCue\CaffeineCrashProvider.Test\bin\Debug\netcoreapp3.1\CaffeineCrashProvider.Test.dll" adapterTypeName="executor://xunit/VsTestRunner2/netcoreapp" className="CaffeineCrashProvider.Sizes.SizesCanTest" name="EnergyDrinkSizes_CreateReasonableTimes" />
    </UnitTest>
    <UnitTest name="CaffeineCrashProvider.Sizes.SizesCoffeehouseTest.Chai_TeaSizes_CreateReasonableTimes" storage="c:\git\caffeinecrashcue\caffeinecrashprovider.test\bin\debug\netcoreapp3.1\caffeinecrashprovider.test.dll" id="206f45ce-f0b9-ba50-c71a-e62e42d184aa">
      <Execution id="5bea52c0-0598-468f-affb-e9cbccee0995" />
      <TestMethod codeBase="C:\git\CaffeineCrashCue\CaffeineCrashProvider.Test\bin\Debug\netcoreapp3.1\CaffeineCrashProvider.Test.dll" adapterTypeName="executor://xunit/VsTestRunner2/netcoreapp" className="CaffeineCrashProvider.Sizes.SizesCoffeehouseTest" name="Chai_TeaSizes_CreateReasonableTimes" />
    </UnitTest>
    <UnitTest name="CaffeineCrashProvider.Sizes.SizesDonutTest.Iced_TeaSizes_CreateReasonableTimes" storage="c:\git\caffeinecrashcue\caffeinecrashprovider.test\bin\debug\netcoreapp3.1\caffeinecrashprovider.test.dll" id="337c480b-d3d5-6ffb-8e01-5c4de9f0d9fe">
      <Execution id="2e3d6840-ac8a-4945-a330-e85b05ceafa7" />
      <TestMethod codeBase="C:\git\CaffeineCrashCue\CaffeineCrashProvider.Test\bin\Debug\netcoreapp3.1\CaffeineCrashProvider.Test.dll" adapterTypeName="executor://xunit/VsTestRunner2/netcoreapp" className="CaffeineCrashProvider.Sizes.SizesDonutTest" name="Iced_TeaSizes_CreateReasonableTimes" />
    </UnitTest>
    <UnitTest name="CaffeineCrashProvider.Sizes.SizesDonutTest.Green_TeaSizes_CreateReasonableTimes" storage="c:\git\caffeinecrashcue\caffeinecrashprovider.test\bin\debug\netcoreapp3.1\caffeinecrashprovider.test.dll" id="eb7cc627-497f-d703-756b-1265aad400f2">
      <Execution id="95b0f678-d453-426a-97f5-22263c41cf34" />
      <TestMethod codeBase="C:\git\CaffeineCrashCue\CaffeineCrashProvider.Test\bin\Debug\netcoreapp3.1\CaffeineCrashProvider.Test.dll" adapterTypeName="executor://xunit/VsTestRunner2/netcoreapp" className="CaffeineCrashProvider.Sizes.SizesDonutTest" name="Green_TeaSizes_CreateReasonableTimes" />
    </UnitTest>
    <UnitTest name="CaffeineCrashProvider.Sizes.SizesCoffeehouseTest.CoffeeFrapSizes_CreateReasonableTimes" storage="c:\git\caffeinecrashcue\caffeinecrashprovider.test\bin\debug\netcoreapp3.1\caffeinecrashprovider.test.dll" id="824332cd-c991-08df-9da1-6a5ac1f16951">
      <Execution id="f53bc4df-8903-4c3c-93a7-c8701bbc44a5" />
      <TestMethod codeBase="C:\git\CaffeineCrashCue\CaffeineCrashProvider.Test\bin\Debug\netcoreapp3.1\CaffeineCrashProvider.Test.dll" adapterTypeName="executor://xunit/VsTestRunner2/netcoreapp" className="CaffeineCrashProvider.Sizes.SizesCoffeehouseTest" name="CoffeeFrapSizes_CreateReasonableTimes" />
    </UnitTest>
    <UnitTest name="CaffeineCrashProvider.Models.BeverageTest.PerOzConstructor_SetsCorrectTotalAmount" storage="c:\git\caffeinecrashcue\caffeinecrashprovider.test\bin\debug\netcoreapp3.1\caffeinecrashprovider.test.dll" id="e7024df8-0804-01c3-fb74-c06d1156af53">
      <Execution id="5a8948f9-d3de-4d52-82ff-04c379ab4124" />
      <TestMethod codeBase="C:\git\CaffeineCrashCue\CaffeineCrashProvider.Test\bin\Debug\netcoreapp3.1\CaffeineCrashProvider.Test.dll" adapterTypeName="executor://xunit/VsTestRunner2/netcoreapp" className="CaffeineCrashProvider.Models.BeverageTest" name="PerOzConstructor_SetsCorrectTotalAmount" />
    </UnitTest>
    <UnitTest name="CaffeineCrashProvider.Sizes.SizesDonutTest.All_Sources_Have_Fields" storage="c:\git\caffeinecrashcue\caffeinecrashprovider.test\bin\debug\netcoreapp3.1\caffeinecrashprovider.test.dll" id="e57200aa-c14d-52ca-d21b-7efa942d10bd">
      <Execution id="f9ed60e9-69b0-49cd-9a9e-661b9e1f30ce" />
      <TestMethod codeBase="C:\git\CaffeineCrashCue\CaffeineCrashProvider.Test\bin\Debug\netcoreapp3.1\CaffeineCrashProvider.Test.dll" adapterTypeName="executor://xunit/VsTestRunner2/netcoreapp" className="CaffeineCrashProvider.Sizes.SizesDonutTest" name="All_Sources_Have_Fields" />
    </UnitTest>
    <UnitTest name="CaffeineCrashProvider.Sizes.SizesCoffeehouseTest.MediumSizes_CreateReasonableTimes" storage="c:\git\caffeinecrashcue\caffeinecrashprovider.test\bin\debug\netcoreapp3.1\caffeinecrashprovider.test.dll" id="14b7a99a-7ceb-f070-3264-0e5a2c27c774">
      <Execution id="eeee447c-1a03-4502-9756-2ff84a9315ce" />
      <TestMethod codeBase="C:\git\CaffeineCrashCue\CaffeineCrashProvider.Test\bin\Debug\netcoreapp3.1\CaffeineCrashProvider.Test.dll" adapterTypeName="executor://xunit/VsTestRunner2/netcoreapp" className="CaffeineCrashProvider.Sizes.SizesCoffeehouseTest" name="MediumSizes_CreateReasonableTimes" />
    </UnitTest>
    <UnitTest name="CaffeineCrashProvider.Sizes.SizesDonutTest.DarkSizes_CreateReasonableTimes" storage="c:\git\caffeinecrashcue\caffeinecrashprovider.test\bin\debug\netcoreapp3.1\caffeinecrashprovider.test.dll" id="00183d72-d790-e708-235e-1fa91be48ac1">
      <Execution id="247b6694-7f78-4075-81bc-0f3a63c3a253" />
      <TestMethod codeBase="C:\git\CaffeineCrashCue\CaffeineCrashProvider.Test\bin\Debug\netcoreapp3.1\CaffeineCrashProvider.Test.dll" adapterTypeName="executor://xunit/VsTestRunner2/netcoreapp" className="CaffeineCrashProvider.Sizes.SizesDonutTest" name="DarkSizes_CreateReasonableTimes" />
    </UnitTest>
    <UnitTest name="CaffeineCrashProvider.Sizes.SizesFastFoodTest.All_Sources_Have_Fields" storage="c:\git\caffeinecrashcue\caffeinecrashprovider.test\bin\debug\netcoreapp3.1\caffeinecrashprovider.test.dll" id="ffe33848-a190-3f69-e5a4-873cc18bc618">
      <Execution id="fa7e7b10-a142-4cb9-a369-25693a1241d1" />
      <TestMethod codeBase="C:\git\CaffeineCrashCue\CaffeineCrashProvider.Test\bin\Debug\netcoreapp3.1\CaffeineCrashProvider.Test.dll" adapterTypeName="executor://xunit/VsTestRunner2/netcoreapp" className="CaffeineCrashProvider.Sizes.SizesFastFoodTest" name="All_Sources_Have_Fields" />
    </UnitTest>
    <UnitTest name="CaffeineCrashProvider.Sizes.SizesCanTest.FruitVegEnergyDrinkSizes_CreateReasonableTimes" storage="c:\git\caffeinecrashcue\caffeinecrashprovider.test\bin\debug\netcoreapp3.1\caffeinecrashprovider.test.dll" id="f5e06ff9-db5e-3010-79f3-52ca25ffe836">
      <Execution id="524d9908-efe4-483b-b488-7cf1d256912d" />
      <TestMethod codeBase="C:\git\CaffeineCrashCue\CaffeineCrashProvider.Test\bin\Debug\netcoreapp3.1\CaffeineCrashProvider.Test.dll" adapterTypeName="executor://xunit/VsTestRunner2/netcoreapp" className="CaffeineCrashProvider.Sizes.SizesCanTest" name="FruitVegEnergyDrinkSizes_CreateReasonableTimes" />
    </UnitTest>
    <UnitTest name="CaffeineCrashProvider.Sizes.SizesDonutTest.Cold_BrewSizes_CreateReasonableTimes" storage="c:\git\caffeinecrashcue\caffeinecrashprovider.test\bin\debug\netcoreapp3.1\caffeinecrashprovider.test.dll" id="54830355-5b2a-1d15-ca08-60d9c103c99a">
      <Execution id="25a871ee-5779-4906-acd4-4426caaa075c" />
      <TestMethod codeBase="C:\git\CaffeineCrashCue\CaffeineCrashProvider.Test\bin\Debug\netcoreapp3.1\CaffeineCrashProvider.Test.dll" adapterTypeName="executor://xunit/VsTestRunner2/netcoreapp" className="CaffeineCrashProvider.Sizes.SizesDonutTest" name="Cold_BrewSizes_CreateReasonableTimes" />
    </UnitTest>
    <UnitTest name="CaffeineCrashProvider.Sizes.SizesDonutTest.Iced_DarkSizes_CreateReasonableTimes" storage="c:\git\caffeinecrashcue\caffeinecrashprovider.test\bin\debug\netcoreapp3.1\caffeinecrashprovider.test.dll" id="5d30d17d-a1dd-0275-69af-2777cf99f996">
      <Execution id="29cdac3b-d954-4048-b078-94d16e90c825" />
      <TestMethod codeBase="C:\git\CaffeineCrashCue\CaffeineCrashProvider.Test\bin\Debug\netcoreapp3.1\CaffeineCrashProvider.Test.dll" adapterTypeName="executor://xunit/VsTestRunner2/netcoreapp" className="CaffeineCrashProvider.Sizes.SizesDonutTest" name="Iced_DarkSizes_CreateReasonableTimes" />
    </UnitTest>
    <UnitTest name="CaffeineCrashProvider.FormulasTest.CalculateCrash_ReturnsIntuitiveValueWithLowCoeff" storage="c:\git\caffeinecrashcue\caffeinecrashprovider.test\bin\debug\netcoreapp3.1\caffeinecrashprovider.test.dll" id="5598bb77-a9fd-af9d-da1b-1f5a693696ef">
      <Execution id="c0161e37-447b-40b9-973e-c05c92f25819" />
      <TestMethod codeBase="C:\git\CaffeineCrashCue\CaffeineCrashProvider.Test\bin\Debug\netcoreapp3.1\CaffeineCrashProvider.Test.dll" adapterTypeName="executor://xunit/VsTestRunner2/netcoreapp" className="CaffeineCrashProvider.FormulasTest" name="CalculateCrash_ReturnsIntuitiveValueWithLowCoeff" />
    </UnitTest>
    <UnitTest name="CaffeineCrashProvider.Sizes.SizesDonutTest.MacchiatoSizes_CreateReasonableTimes" storage="c:\git\caffeinecrashcue\caffeinecrashprovider.test\bin\debug\netcoreapp3.1\caffeinecrashprovider.test.dll" id="dd276f16-e833-ed69-f959-d4827b4bcd2b">
      <Execution id="3037cd15-1c70-4f1f-b086-08134c7c3af9" />
      <TestMethod codeBase="C:\git\CaffeineCrashCue\CaffeineCrashProvider.Test\bin\Debug\netcoreapp3.1\CaffeineCrashProvider.Test.dll" adapterTypeName="executor://xunit/VsTestRunner2/netcoreapp" className="CaffeineCrashProvider.Sizes.SizesDonutTest" name="MacchiatoSizes_CreateReasonableTimes" />
    </UnitTest>
    <UnitTest name="CaffeineCrashProvider.Sizes.SizesCanTest.RedOxEnergyDrinkSizes_CreateReasonableTimes" storage="c:\git\caffeinecrashcue\caffeinecrashprovider.test\bin\debug\netcoreapp3.1\caffeinecrashprovider.test.dll" id="56a7d48e-0854-41e1-5ee3-df02fb608fa2">
      <Execution id="1733dbba-628c-45cd-b5eb-98185d003064" />
      <TestMethod codeBase="C:\git\CaffeineCrashCue\CaffeineCrashProvider.Test\bin\Debug\netcoreapp3.1\CaffeineCrashProvider.Test.dll" adapterTypeName="executor://xunit/VsTestRunner2/netcoreapp" className="CaffeineCrashProvider.Sizes.SizesCanTest" name="RedOxEnergyDrinkSizes_CreateReasonableTimes" />
    </UnitTest>
    <UnitTest name="CaffeineCrashProvider.Sizes.SizesCoffeehouseTest.EspressoFrapSizes_CreateReasonableTimes" storage="c:\git\caffeinecrashcue\caffeinecrashprovider.test\bin\debug\netcoreapp3.1\caffeinecrashprovider.test.dll" id="c2441976-e9d5-4a7c-6066-d970dffe5c3d">
      <Execution id="3a448a02-4cdd-4a93-853c-b966fbd2e974" />
      <TestMethod codeBase="C:\git\CaffeineCrashCue\CaffeineCrashProvider.Test\bin\Debug\netcoreapp3.1\CaffeineCrashProvider.Test.dll" adapterTypeName="executor://xunit/VsTestRunner2/netcoreapp" className="CaffeineCrashProvider.Sizes.SizesCoffeehouseTest" name="EspressoFrapSizes_CreateReasonableTimes" />
    </UnitTest>
    <UnitTest name="CaffeineCrashProvider.Sizes.SizesDonutTest.Energy_Cold_BrewSizes_CreateReasonableTimes" storage="c:\git\caffeinecrashcue\caffeinecrashprovider.test\bin\debug\netcoreapp3.1\caffeinecrashprovider.test.dll" id="b7916895-5fb5-5bfe-8d5a-631914a7df37">
      <Execution id="b865978e-5368-4328-974f-2c887a058d9c" />
      <TestMethod codeBase="C:\git\CaffeineCrashCue\CaffeineCrashProvider.Test\bin\Debug\netcoreapp3.1\CaffeineCrashProvider.Test.dll" adapterTypeName="executor://xunit/VsTestRunner2/netcoreapp" className="CaffeineCrashProvider.Sizes.SizesDonutTest" name="Energy_Cold_BrewSizes_CreateReasonableTimes" />
    </UnitTest>
    <UnitTest name="CaffeineCrashProvider.Sizes.SizesCoffeehouseTest.Cold_BrewSizes_CreateReasonableTimes" storage="c:\git\caffeinecrashcue\caffeinecrashprovider.test\bin\debug\netcoreapp3.1\caffeinecrashprovider.test.dll" id="266ebc09-9dcf-f6b0-e73d-65b44a1fe7e7">
      <Execution id="e2caa0ee-dff1-41b6-8936-73cc01855ad2" />
      <TestMethod codeBase="C:\git\CaffeineCrashCue\CaffeineCrashProvider.Test\bin\Debug\netcoreapp3.1\CaffeineCrashProvider.Test.dll" adapterTypeName="executor://xunit/VsTestRunner2/netcoreapp" className="CaffeineCrashProvider.Sizes.SizesCoffeehouseTest" name="Cold_BrewSizes_CreateReasonableTimes" />
    </UnitTest>
    <UnitTest name="CaffeineCrashProvider.Sizes.SizesDonutTest.Iced_Mocha_Latte_Cappuccino_EtcSizes_CreateReasonableTimes" storage="c:\git\caffeinecrashcue\caffeinecrashprovider.test\bin\debug\netcoreapp3.1\caffeinecrashprovider.test.dll" id="609ec003-ed60-90ac-64ad-863fb2cfa166">
      <Execution id="c1f26de8-95ac-4e1e-9916-a73b500dfb55" />
      <TestMethod codeBase="C:\git\CaffeineCrashCue\CaffeineCrashProvider.Test\bin\Debug\netcoreapp3.1\CaffeineCrashProvider.Test.dll" adapterTypeName="executor://xunit/VsTestRunner2/netcoreapp" className="CaffeineCrashProvider.Sizes.SizesDonutTest" name="Iced_Mocha_Latte_Cappuccino_EtcSizes_CreateReasonableTimes" />
    </UnitTest>
    <UnitTest name="CaffeineCrashProvider.FormulasTest.WeightFactor_Below150ReturnsIntuitiveValue" storage="c:\git\caffeinecrashcue\caffeinecrashprovider.test\bin\debug\netcoreapp3.1\caffeinecrashprovider.test.dll" id="60c6c39a-15f9-0ecc-739e-a86af087a6a9">
      <Execution id="0c74e0e2-03c1-4b86-b0d8-06cd72ed6955" />
      <TestMethod codeBase="C:\git\CaffeineCrashCue\CaffeineCrashProvider.Test\bin\Debug\netcoreapp3.1\CaffeineCrashProvider.Test.dll" adapterTypeName="executor://xunit/VsTestRunner2/netcoreapp" className="CaffeineCrashProvider.FormulasTest" name="WeightFactor_Below150ReturnsIntuitiveValue" />
    </UnitTest>
    <UnitTest name="CaffeineCrashProvider.Sizes.SizesFastFoodTest.Mocha_Latte_Cappuccino_EtcSizes_CreateReasonableTimes" storage="c:\git\caffeinecrashcue\caffeinecrashprovider.test\bin\debug\netcoreapp3.1\caffeinecrashprovider.test.dll" id="db1f0f57-dfbf-7d64-4359-94fbe4f3d8ed">
      <Execution id="7039701b-ad08-4282-85c1-288d76b35fdb" />
      <TestMethod codeBase="C:\git\CaffeineCrashCue\CaffeineCrashProvider.Test\bin\Debug\netcoreapp3.1\CaffeineCrashProvider.Test.dll" adapterTypeName="executor://xunit/VsTestRunner2/netcoreapp" className="CaffeineCrashProvider.Sizes.SizesFastFoodTest" name="Mocha_Latte_Cappuccino_EtcSizes_CreateReasonableTimes" />
    </UnitTest>
    <UnitTest name="CaffeineCrashProvider.Sizes.SizesDonutTest.AmericanoSizes_CreateReasonableTimes" storage="c:\git\caffeinecrashcue\caffeinecrashprovider.test\bin\debug\netcoreapp3.1\caffeinecrashprovider.test.dll" id="99aa8176-ff46-d01b-d5aa-326d6ab75186">
      <Execution id="addea750-29e7-4e7b-95d5-ca5df5d5dd93" />
      <TestMethod codeBase="C:\git\CaffeineCrashCue\CaffeineCrashProvider.Test\bin\Debug\netcoreapp3.1\CaffeineCrashProvider.Test.dll" adapterTypeName="executor://xunit/VsTestRunner2/netcoreapp" className="CaffeineCrashProvider.Sizes.SizesDonutTest" name="AmericanoSizes_CreateReasonableTimes" />
    </UnitTest>
    <UnitTest name="CaffeineCrashProvider.Sizes.SizesCoffeehouseTest.All_Fields_Are_Contained_In_Sources" storage="c:\git\caffeinecrashcue\caffeinecrashprovider.test\bin\debug\netcoreapp3.1\caffeinecrashprovider.test.dll" id="5c357f2f-b5c4-fa76-4bda-eefc9f554650">
      <Execution id="27ada954-28a5-448f-a851-d019399cc5e5" />
      <TestMethod codeBase="C:\git\CaffeineCrashCue\CaffeineCrashProvider.Test\bin\Debug\netcoreapp3.1\CaffeineCrashProvider.Test.dll" adapterTypeName="executor://xunit/VsTestRunner2/netcoreapp" className="CaffeineCrashProvider.Sizes.SizesCoffeehouseTest" name="All_Fields_Are_Contained_In_Sources" />
    </UnitTest>
    <UnitTest name="CaffeineCrashProvider.Sizes.SizesCoffeehouseTest.Mocha_Latte_Cappuccino_EtcSizes_CreateReasonableTimes" storage="c:\git\caffeinecrashcue\caffeinecrashprovider.test\bin\debug\netcoreapp3.1\caffeinecrashprovider.test.dll" id="9bb486c8-0bb6-3344-6fac-a5e352a605f0">
      <Execution id="655b9fe3-c896-4d7c-9ca0-44a34900a1e7" />
      <TestMethod codeBase="C:\git\CaffeineCrashCue\CaffeineCrashProvider.Test\bin\Debug\netcoreapp3.1\CaffeineCrashProvider.Test.dll" adapterTypeName="executor://xunit/VsTestRunner2/netcoreapp" className="CaffeineCrashProvider.Sizes.SizesCoffeehouseTest" name="Mocha_Latte_Cappuccino_EtcSizes_CreateReasonableTimes" />
    </UnitTest>
    <UnitTest name="CaffeineCrashProvider.Sizes.SizesCoffeehouseTest.Iced_Mocha_Latte_Cappuccino_EtcSizes_CreateReasonableTimes" storage="c:\git\caffeinecrashcue\caffeinecrashprovider.test\bin\debug\netcoreapp3.1\caffeinecrashprovider.test.dll" id="62a417d9-d19f-ae51-2b7e-b19fbbb03ada">
      <Execution id="8451c787-ff83-47a1-b7bc-0953523eadaa" />
      <TestMethod codeBase="C:\git\CaffeineCrashCue\CaffeineCrashProvider.Test\bin\Debug\netcoreapp3.1\CaffeineCrashProvider.Test.dll" adapterTypeName="executor://xunit/VsTestRunner2/netcoreapp" className="CaffeineCrashProvider.Sizes.SizesCoffeehouseTest" name="Iced_Mocha_Latte_Cappuccino_EtcSizes_CreateReasonableTimes" />
    </UnitTest>
    <UnitTest name="CaffeineCrashProvider.Sizes.SizesDonutTest.Chai_TeaSizes_CreateReasonableTimes" storage="c:\git\caffeinecrashcue\caffeinecrashprovider.test\bin\debug\netcoreapp3.1\caffeinecrashprovider.test.dll" id="78bb7cb0-681f-0554-3c1d-f20fa8558fd2">
      <Execution id="4f5cd8fd-659f-4af7-85e2-17a64feffba2" />
      <TestMethod codeBase="C:\git\CaffeineCrashCue\CaffeineCrashProvider.Test\bin\Debug\netcoreapp3.1\CaffeineCrashProvider.Test.dll" adapterTypeName="executor://xunit/VsTestRunner2/netcoreapp" className="CaffeineCrashProvider.Sizes.SizesDonutTest" name="Chai_TeaSizes_CreateReasonableTimes" />
    </UnitTest>
    <UnitTest name="CaffeineCrashProvider.Sizes.SizesBottleTest.All_Fields_Are_Contained_In_Sources" storage="c:\git\caffeinecrashcue\caffeinecrashprovider.test\bin\debug\netcoreapp3.1\caffeinecrashprovider.test.dll" id="cb9e3e00-eec0-feb7-df9c-ce71d9954035">
      <Execution id="0269cb62-673d-4fb7-9e61-c76b85e83f3d" />
      <TestMethod codeBase="C:\git\CaffeineCrashCue\CaffeineCrashProvider.Test\bin\Debug\netcoreapp3.1\CaffeineCrashProvider.Test.dll" adapterTypeName="executor://xunit/VsTestRunner2/netcoreapp" className="CaffeineCrashProvider.Sizes.SizesBottleTest" name="All_Fields_Are_Contained_In_Sources" />
    </UnitTest>
    <UnitTest name="CaffeineCrashProvider.FormulasTest.CalculateCrash_ReturnsIntuitiveValueWithHighCoeff" storage="c:\git\caffeinecrashcue\caffeinecrashprovider.test\bin\debug\netcoreapp3.1\caffeinecrashprovider.test.dll" id="e5d93527-0fad-5fb7-6f02-672ea7a22eff">
      <Execution id="53f2c06c-b4ff-4a22-8933-8f2ce7f5343d" />
      <TestMethod codeBase="C:\git\CaffeineCrashCue\CaffeineCrashProvider.Test\bin\Debug\netcoreapp3.1\CaffeineCrashProvider.Test.dll" adapterTypeName="executor://xunit/VsTestRunner2/netcoreapp" className="CaffeineCrashProvider.FormulasTest" name="CalculateCrash_ReturnsIntuitiveValueWithHighCoeff" />
    </UnitTest>
    <UnitTest name="CaffeineCrashProvider.Sizes.SizesDonutTest.Mocha_Latte_Cappuccino_EtcSizes_CreateReasonableTimes" storage="c:\git\caffeinecrashcue\caffeinecrashprovider.test\bin\debug\netcoreapp3.1\caffeinecrashprovider.test.dll" id="34b0158b-ab0c-c5d8-b5e4-7d4b52c36b33">
      <Execution id="80033d68-135f-4f9d-8e92-7fac5fb7a90c" />
      <TestMethod codeBase="C:\git\CaffeineCrashCue\CaffeineCrashProvider.Test\bin\Debug\netcoreapp3.1\CaffeineCrashProvider.Test.dll" adapterTypeName="executor://xunit/VsTestRunner2/netcoreapp" className="CaffeineCrashProvider.Sizes.SizesDonutTest" name="Mocha_Latte_Cappuccino_EtcSizes_CreateReasonableTimes" />
    </UnitTest>
    <UnitTest name="CaffeineCrashProvider.Sizes.SizesCoffeehouseTest.IcedSizes_CreateReasonableTimes" storage="c:\git\caffeinecrashcue\caffeinecrashprovider.test\bin\debug\netcoreapp3.1\caffeinecrashprovider.test.dll" id="bd9f9283-56b4-8835-2c33-af0901d1b024">
      <Execution id="f7a53958-12db-4798-bcee-10dd7b323742" />
      <TestMethod codeBase="C:\git\CaffeineCrashCue\CaffeineCrashProvider.Test\bin\Debug\netcoreapp3.1\CaffeineCrashProvider.Test.dll" adapterTypeName="executor://xunit/VsTestRunner2/netcoreapp" className="CaffeineCrashProvider.Sizes.SizesCoffeehouseTest" name="IcedSizes_CreateReasonableTimes" />
    </UnitTest>
    <UnitTest name="CaffeineCrashProvider.Sizes.SizesCanTest.CoffeeSizes_CreateReasonableTimes" storage="c:\git\caffeinecrashcue\caffeinecrashprovider.test\bin\debug\netcoreapp3.1\caffeinecrashprovider.test.dll" id="0f8d9e86-fcc1-1255-779b-69fa169378bf">
      <Execution id="60a9a567-e354-4b56-8372-0a73ee472329" />
      <TestMethod codeBase="C:\git\CaffeineCrashCue\CaffeineCrashProvider.Test\bin\Debug\netcoreapp3.1\CaffeineCrashProvider.Test.dll" adapterTypeName="executor://xunit/VsTestRunner2/netcoreapp" className="CaffeineCrashProvider.Sizes.SizesCanTest" name="CoffeeSizes_CreateReasonableTimes" />
    </UnitTest>
    <UnitTest name="CaffeineCrashProvider.Sizes.SizesDonutTest.All_Fields_Are_Contained_In_Sources" storage="c:\git\caffeinecrashcue\caffeinecrashprovider.test\bin\debug\netcoreapp3.1\caffeinecrashprovider.test.dll" id="25e712f7-c449-e945-c0e1-7b4f8a819a57">
      <Execution id="2cd05f99-5f54-46a6-880c-a1d7a2353eff" />
      <TestMethod codeBase="C:\git\CaffeineCrashCue\CaffeineCrashProvider.Test\bin\Debug\netcoreapp3.1\CaffeineCrashProvider.Test.dll" adapterTypeName="executor://xunit/VsTestRunner2/netcoreapp" className="CaffeineCrashProvider.Sizes.SizesDonutTest" name="All_Fields_Are_Contained_In_Sources" />
    </UnitTest>
    <UnitTest name="CaffeineCrashProvider.FormulasTest.CalculateCrash_ReturnsMin3" storage="c:\git\caffeinecrashcue\caffeinecrashprovider.test\bin\debug\netcoreapp3.1\caffeinecrashprovider.test.dll" id="f9c6c704-a901-b862-8e70-8a4d1bbec7db">
      <Execution id="8b2cc27f-4b7d-47d9-8e02-7c924c8dd518" />
      <TestMethod codeBase="C:\git\CaffeineCrashCue\CaffeineCrashProvider.Test\bin\Debug\netcoreapp3.1\CaffeineCrashProvider.Test.dll" adapterTypeName="executor://xunit/VsTestRunner2/netcoreapp" className="CaffeineCrashProvider.FormulasTest" name="CalculateCrash_ReturnsMin3" />
    </UnitTest>
    <UnitTest name="CaffeineCrashProvider.Sizes.SizesCanTest.All_Fields_Are_Contained_In_Sources" storage="c:\git\caffeinecrashcue\caffeinecrashprovider.test\bin\debug\netcoreapp3.1\caffeinecrashprovider.test.dll" id="2ffab48b-f21c-9f60-8229-84b2d5708eb2">
      <Execution id="f47d9c7a-e427-498a-9353-d15636a813ff" />
      <TestMethod codeBase="C:\git\CaffeineCrashCue\CaffeineCrashProvider.Test\bin\Debug\netcoreapp3.1\CaffeineCrashProvider.Test.dll" adapterTypeName="executor://xunit/VsTestRunner2/netcoreapp" className="CaffeineCrashProvider.Sizes.SizesCanTest" name="All_Fields_Are_Contained_In_Sources" />
    </UnitTest>
    <UnitTest name="CaffeineCrashProvider.Sizes.SizesDonutTest.IcedSizes_CreateReasonableTimes" storage="c:\git\caffeinecrashcue\caffeinecrashprovider.test\bin\debug\netcoreapp3.1\caffeinecrashprovider.test.dll" id="78d24ff6-3f21-79d5-d623-9fffaf153193">
      <Execution id="419b31fb-5158-4013-a678-68f62d017ce5" />
      <TestMethod codeBase="C:\git\CaffeineCrashCue\CaffeineCrashProvider.Test\bin\Debug\netcoreapp3.1\CaffeineCrashProvider.Test.dll" adapterTypeName="executor://xunit/VsTestRunner2/netcoreapp" className="CaffeineCrashProvider.Sizes.SizesDonutTest" name="IcedSizes_CreateReasonableTimes" />
    </UnitTest>
    <UnitTest name="CaffeineCrashProvider.FormulasTest.WeightFactor_ReturnsBaseline" storage="c:\git\caffeinecrashcue\caffeinecrashprovider.test\bin\debug\netcoreapp3.1\caffeinecrashprovider.test.dll" id="d6256e45-4c76-6943-6d24-c4b5a62d29f2">
      <Execution id="f2b44565-8522-4717-98eb-14cdb01c4cdb" />
      <TestMethod codeBase="C:\git\CaffeineCrashCue\CaffeineCrashProvider.Test\bin\Debug\netcoreapp3.1\CaffeineCrashProvider.Test.dll" adapterTypeName="executor://xunit/VsTestRunner2/netcoreapp" className="CaffeineCrashProvider.FormulasTest" name="WeightFactor_ReturnsBaseline" />
    </UnitTest>
    <UnitTest name="CaffeineCrashProvider.Sizes.SizesCoffeehouseTest.LightSizes_CreateReasonableTimes" storage="c:\git\caffeinecrashcue\caffeinecrashprovider.test\bin\debug\netcoreapp3.1\caffeinecrashprovider.test.dll" id="2df08213-f4f0-80b4-4f09-49ce344a8fab">
      <Execution id="eb342393-da0a-4e5f-888e-59fde30c9c21" />
      <TestMethod codeBase="C:\git\CaffeineCrashCue\CaffeineCrashProvider.Test\bin\Debug\netcoreapp3.1\CaffeineCrashProvider.Test.dll" adapterTypeName="executor://xunit/VsTestRunner2/netcoreapp" className="CaffeineCrashProvider.Sizes.SizesCoffeehouseTest" name="LightSizes_CreateReasonableTimes" />
    </UnitTest>
    <UnitTest name="CaffeineCrashProvider.Sizes.SizesDonutTest.FrozenSizes_CreateReasonableTimes" storage="c:\git\caffeinecrashcue\caffeinecrashprovider.test\bin\debug\netcoreapp3.1\caffeinecrashprovider.test.dll" id="efe6cd10-277b-26d2-c34f-cc982648b2ae">
      <Execution id="7db35579-8871-4949-9d69-5dfb4acbfa46" />
      <TestMethod codeBase="C:\git\CaffeineCrashCue\CaffeineCrashProvider.Test\bin\Debug\netcoreapp3.1\CaffeineCrashProvider.Test.dll" adapterTypeName="executor://xunit/VsTestRunner2/netcoreapp" className="CaffeineCrashProvider.Sizes.SizesDonutTest" name="FrozenSizes_CreateReasonableTimes" />
    </UnitTest>
    <UnitTest name="CaffeineCrashProvider.Sizes.SizesCanTest.WorkoutEnergyDrinkSizes_CreateReasonableTimes" storage="c:\git\caffeinecrashcue\caffeinecrashprovider.test\bin\debug\netcoreapp3.1\caffeinecrashprovider.test.dll" id="b4ad1e61-b538-bb07-414b-02f9667e54fb">
      <Execution id="4a8b5194-44c2-439f-9880-1d11d04ef37e" />
      <TestMethod codeBase="C:\git\CaffeineCrashCue\CaffeineCrashProvider.Test\bin\Debug\netcoreapp3.1\CaffeineCrashProvider.Test.dll" adapterTypeName="executor://xunit/VsTestRunner2/netcoreapp" className="CaffeineCrashProvider.Sizes.SizesCanTest" name="WorkoutEnergyDrinkSizes_CreateReasonableTimes" />
    </UnitTest>
    <UnitTest name="CaffeineCrashProvider.Sizes.SizesDonutTest.Iced_Green_TeaSizes_CreateReasonableTimes" storage="c:\git\caffeinecrashcue\caffeinecrashprovider.test\bin\debug\netcoreapp3.1\caffeinecrashprovider.test.dll" id="5613d3ed-fc63-4065-d9c3-657a0a8ae631">
      <Execution id="c8649a9b-3cc8-433f-b9b7-6218d131c1ca" />
      <TestMethod codeBase="C:\git\CaffeineCrashCue\CaffeineCrashProvider.Test\bin\Debug\netcoreapp3.1\CaffeineCrashProvider.Test.dll" adapterTypeName="executor://xunit/VsTestRunner2/netcoreapp" className="CaffeineCrashProvider.Sizes.SizesDonutTest" name="Iced_Green_TeaSizes_CreateReasonableTimes" />
    </UnitTest>
    <UnitTest name="CaffeineCrashProvider.Models.BeverageTest.Constructor_SetsOuncesAndCaffeine" storage="c:\git\caffeinecrashcue\caffeinecrashprovider.test\bin\debug\netcoreapp3.1\caffeinecrashprovider.test.dll" id="099aa15d-625d-0405-763b-3371fbfd1026">
      <Execution id="265ed278-20b3-40ea-8cef-8308bf8773c2" />
      <TestMethod codeBase="C:\git\CaffeineCrashCue\CaffeineCrashProvider.Test\bin\Debug\netcoreapp3.1\CaffeineCrashProvider.Test.dll" adapterTypeName="executor://xunit/VsTestRunner2/netcoreapp" className="CaffeineCrashProvider.Models.BeverageTest" name="Constructor_SetsOuncesAndCaffeine" />
    </UnitTest>
    <UnitTest name="CaffeineCrashProvider.ProviderExtensionsTest.ToNumericString_ReturnsOnlyNumbersAndDecimals" storage="c:\git\caffeinecrashcue\caffeinecrashprovider.test\bin\debug\netcoreapp3.1\caffeinecrashprovider.test.dll" id="0f2cf696-29c1-a23e-a86a-c64f22c09064">
      <Execution id="9c0e2195-6064-42a5-89ac-b22492907a37" />
      <TestMethod codeBase="C:\git\CaffeineCrashCue\CaffeineCrashProvider.Test\bin\Debug\netcoreapp3.1\CaffeineCrashProvider.Test.dll" adapterTypeName="executor://xunit/VsTestRunner2/netcoreapp" className="CaffeineCrashProvider.ProviderExtensionsTest" name="ToNumericString_ReturnsOnlyNumbersAndDecimals" />
    </UnitTest>
    <UnitTest name="CaffeineCrashProvider.FormulasTest.CalculateCrash_ReturnsMax6" storage="c:\git\caffeinecrashcue\caffeinecrashprovider.test\bin\debug\netcoreapp3.1\caffeinecrashprovider.test.dll" id="328e1c06-3ddf-bdb8-e112-366ac49c7d3e">
      <Execution id="46b752e9-4bfe-4c3a-8fd1-c5f5d0fc2bed" />
      <TestMethod codeBase="C:\git\CaffeineCrashCue\CaffeineCrashProvider.Test\bin\Debug\netcoreapp3.1\CaffeineCrashProvider.Test.dll" adapterTypeName="executor://xunit/VsTestRunner2/netcoreapp" className="CaffeineCrashProvider.FormulasTest" name="CalculateCrash_ReturnsMax6" />
    </UnitTest>
    <UnitTest name="CaffeineCrashProvider.Sizes.SizesCoffeehouseTest.Green_TeaFrappSizes_CreateReasonableTimes" storage="c:\git\caffeinecrashcue\caffeinecrashprovider.test\bin\debug\netcoreapp3.1\caffeinecrashprovider.test.dll" id="72c4f817-f7a5-046d-a7e6-b59b9a6c77b9">
      <Execution id="a9d03856-7ed0-4459-a3d4-4d5002c04dec" />
      <TestMethod codeBase="C:\git\CaffeineCrashCue\CaffeineCrashProvider.Test\bin\Debug\netcoreapp3.1\CaffeineCrashProvider.Test.dll" adapterTypeName="executor://xunit/VsTestRunner2/netcoreapp" className="CaffeineCrashProvider.Sizes.SizesCoffeehouseTest" name="Green_TeaFrappSizes_CreateReasonableTimes" />
    </UnitTest>
    <UnitTest name="CaffeineCrashProvider.Sizes.SizesDonutTest.Hot_TeaSizes_CreateReasonableTimes" storage="c:\git\caffeinecrashcue\caffeinecrashprovider.test\bin\debug\netcoreapp3.1\caffeinecrashprovider.test.dll" id="2757151e-396f-cf7e-e37e-ecc6cae81a47">
      <Execution id="2a24b681-7677-4951-80c4-a8fe8e41a1c0" />
      <TestMethod codeBase="C:\git\CaffeineCrashCue\CaffeineCrashProvider.Test\bin\Debug\netcoreapp3.1\CaffeineCrashProvider.Test.dll" adapterTypeName="executor://xunit/VsTestRunner2/netcoreapp" className="CaffeineCrashProvider.Sizes.SizesDonutTest" name="Hot_TeaSizes_CreateReasonableTimes" />
    </UnitTest>
    <UnitTest name="CaffeineCrashProvider.Sizes.SizesSetTest.SizeDictionariesCanBeLoadedWithReflection" storage="c:\git\caffeinecrashcue\caffeinecrashprovider.test\bin\debug\netcoreapp3.1\caffeinecrashprovider.test.dll" id="07b3952b-71ca-530b-941c-0e3abfb43951">
      <Execution id="f51036ae-6593-423e-886a-5b3a0f54c2bb" />
      <TestMethod codeBase="C:\git\CaffeineCrashCue\CaffeineCrashProvider.Test\bin\Debug\netcoreapp3.1\CaffeineCrashProvider.Test.dll" adapterTypeName="executor://xunit/VsTestRunner2/netcoreapp" className="CaffeineCrashProvider.Sizes.SizesSetTest" name="SizeDictionariesCanBeLoadedWithReflection" />
    </UnitTest>
    <UnitTest name="CaffeineCrashProvider.Sizes.SizesCoffeehouseTest.All_Sources_Have_Fields" storage="c:\git\caffeinecrashcue\caffeinecrashprovider.test\bin\debug\netcoreapp3.1\caffeinecrashprovider.test.dll" id="1e002cdf-73d2-7efb-59d0-153130404d3e">
      <Execution id="91492ba3-85d4-4572-91f6-ec1b170c2220" />
      <TestMethod codeBase="C:\git\CaffeineCrashCue\CaffeineCrashProvider.Test\bin\Debug\netcoreapp3.1\CaffeineCrashProvider.Test.dll" adapterTypeName="executor://xunit/VsTestRunner2/netcoreapp" className="CaffeineCrashProvider.Sizes.SizesCoffeehouseTest" name="All_Sources_Have_Fields" />
    </UnitTest>
    <UnitTest name="CaffeineCrashProvider.FormulasTest.CalculateCrash_ReturnsIntuitiveValue" storage="c:\git\caffeinecrashcue\caffeinecrashprovider.test\bin\debug\netcoreapp3.1\caffeinecrashprovider.test.dll" id="8ddd59d8-f35a-b327-17d6-3da52cd447d1">
      <Execution id="2c949d06-b298-4bae-9477-d30a2b7d8c68" />
      <TestMethod codeBase="C:\git\CaffeineCrashCue\CaffeineCrashProvider.Test\bin\Debug\netcoreapp3.1\CaffeineCrashProvider.Test.dll" adapterTypeName="executor://xunit/VsTestRunner2/netcoreapp" className="CaffeineCrashProvider.FormulasTest" name="CalculateCrash_ReturnsIntuitiveValue" />
    </UnitTest>
    <UnitTest name="CaffeineCrashProvider.Sizes.SizesFastFoodTest.RegularSizes_CreateReasonableTimes" storage="c:\git\caffeinecrashcue\caffeinecrashprovider.test\bin\debug\netcoreapp3.1\caffeinecrashprovider.test.dll" id="5be701f1-d701-c45c-3109-0c55da010df9">
      <Execution id="4ea7c6ce-cf05-4242-b58c-c3d5eec2b7c7" />
      <TestMethod codeBase="C:\git\CaffeineCrashCue\CaffeineCrashProvider.Test\bin\Debug\netcoreapp3.1\CaffeineCrashProvider.Test.dll" adapterTypeName="executor://xunit/VsTestRunner2/netcoreapp" className="CaffeineCrashProvider.Sizes.SizesFastFoodTest" name="RegularSizes_CreateReasonableTimes" />
    </UnitTest>
    <UnitTest name="CaffeineCrashProvider.Sizes.SizesBottleTest.SkippingATestForJenkins" storage="c:\git\caffeinecrashcue\caffeinecrashprovider.test\bin\debug\netcoreapp3.1\caffeinecrashprovider.test.dll" id="594a1593-fb23-3665-76cc-b0bdddc0a76e">
      <Execution id="3508670f-d7e8-473a-a32d-848ced06dff3" />
      <TestMethod codeBase="C:\git\CaffeineCrashCue\CaffeineCrashProvider.Test\bin\Debug\netcoreapp3.1\CaffeineCrashProvider.Test.dll" adapterTypeName="executor://xunit/VsTestRunner2/netcoreapp" className="CaffeineCrashProvider.Sizes.SizesBottleTest" name="SkippingATestForJenkins" />
    </UnitTest>
    <UnitTest name="CaffeineCrashProvider.ProviderExtensionsTest.ToNaturalNumericString_ReturnsOnlyNumbers" storage="c:\git\caffeinecrashcue\caffeinecrashprovider.test\bin\debug\netcoreapp3.1\caffeinecrashprovider.test.dll" id="255d98cb-c013-9ee7-5a13-ced29b00883c">
      <Execution id="2e2f4325-4eb6-4df1-95a8-32a55c96f648" />
      <TestMethod codeBase="C:\git\CaffeineCrashCue\CaffeineCrashProvider.Test\bin\Debug\netcoreapp3.1\CaffeineCrashProvider.Test.dll" adapterTypeName="executor://xunit/VsTestRunner2/netcoreapp" className="CaffeineCrashProvider.ProviderExtensionsTest" name="ToNaturalNumericString_ReturnsOnlyNumbers" />
    </UnitTest>
    <UnitTest name="CaffeineCrashProvider.Sizes.SizesFastFoodTest.IcedSizes_CreateReasonableTimes" storage="c:\git\caffeinecrashcue\caffeinecrashprovider.test\bin\debug\netcoreapp3.1\caffeinecrashprovider.test.dll" id="ef4284ec-5d94-9819-524d-157b67aacb20">
      <Execution id="37e6e6e9-a861-4906-8082-baaaef77258c" />
      <TestMethod codeBase="C:\git\CaffeineCrashCue\CaffeineCrashProvider.Test\bin\Debug\netcoreapp3.1\CaffeineCrashProvider.Test.dll" adapterTypeName="executor://xunit/VsTestRunner2/netcoreapp" className="CaffeineCrashProvider.Sizes.SizesFastFoodTest" name="IcedSizes_CreateReasonableTimes" />
    </UnitTest>
    <UnitTest name="CaffeineCrashProvider.Sizes.SizesBottleTest.All_Sources_Have_Fields" storage="c:\git\caffeinecrashcue\caffeinecrashprovider.test\bin\debug\netcoreapp3.1\caffeinecrashprovider.test.dll" id="96065a2b-fe83-11be-157a-3de1441dd2a5">
      <Execution id="f563373a-aedf-4b58-a4f9-b751c8e23402" />
      <TestMethod codeBase="C:\git\CaffeineCrashCue\CaffeineCrashProvider.Test\bin\Debug\netcoreapp3.1\CaffeineCrashProvider.Test.dll" adapterTypeName="executor://xunit/VsTestRunner2/netcoreapp" className="CaffeineCrashProvider.Sizes.SizesBottleTest" name="All_Sources_Have_Fields" />
    </UnitTest>
    <UnitTest name="CaffeineCrashProvider.Sizes.SizesCanTest.All_Sources_Have_Fields" storage="c:\git\caffeinecrashcue\caffeinecrashprovider.test\bin\debug\netcoreapp3.1\caffeinecrashprovider.test.dll" id="0fb91090-29cd-2b5d-a546-44e8c2e92b2b">
      <Execution id="59bcec15-8c06-48fc-8ec2-78d3ed42851e" />
      <TestMethod codeBase="C:\git\CaffeineCrashCue\CaffeineCrashProvider.Test\bin\Debug\netcoreapp3.1\CaffeineCrashProvider.Test.dll" adapterTypeName="executor://xunit/VsTestRunner2/netcoreapp" className="CaffeineCrashProvider.Sizes.SizesCanTest" name="All_Sources_Have_Fields" />
    </UnitTest>
    <UnitTest name="CaffeineCrashProvider.FormulasTest.WeightFactor_Above150ReturnsIntuitiveValue" storage="c:\git\caffeinecrashcue\caffeinecrashprovider.test\bin\debug\netcoreapp3.1\caffeinecrashprovider.test.dll" id="f1e1b876-3dc1-f218-6f45-6bbfe76e1fe4">
      <Execution id="38ee739b-ff64-4597-9170-71ec25ca84ae" />
      <TestMethod codeBase="C:\git\CaffeineCrashCue\CaffeineCrashProvider.Test\bin\Debug\netcoreapp3.1\CaffeineCrashProvider.Test.dll" adapterTypeName="executor://xunit/VsTestRunner2/netcoreapp" className="CaffeineCrashProvider.FormulasTest" name="WeightFactor_Above150ReturnsIntuitiveValue" />
    </UnitTest>
    <UnitTest name="CaffeineCrashProvider.FormulasTest.CalculateCoeff_ReturnsIntuitiveValueFromAllConstants" storage="c:\git\caffeinecrashcue\caffeinecrashprovider.test\bin\debug\netcoreapp3.1\caffeinecrashprovider.test.dll" id="55822adc-4c29-229b-995c-4909e2abcca1">
      <Execution id="2bd807ca-b4e5-411f-86fe-0b4090479d4d" />
      <TestMethod codeBase="C:\git\CaffeineCrashCue\CaffeineCrashProvider.Test\bin\Debug\netcoreapp3.1\CaffeineCrashProvider.Test.dll" adapterTypeName="executor://xunit/VsTestRunner2/netcoreapp" className="CaffeineCrashProvider.FormulasTest" name="CalculateCoeff_ReturnsIntuitiveValueFromAllConstants" />
    </UnitTest>
    <UnitTest name="CaffeineCrashProvider.Sizes.SizesBottleTest.CoffeeSizes_CreateReasonableTimes" storage="c:\git\caffeinecrashcue\caffeinecrashprovider.test\bin\debug\netcoreapp3.1\caffeinecrashprovider.test.dll" id="097a3506-fa91-8c04-3efd-a51a0bf5b35c">
      <Execution id="6415a717-2c4f-4693-98bb-099ab955138b" />
      <TestMethod codeBase="C:\git\CaffeineCrashCue\CaffeineCrashProvider.Test\bin\Debug\netcoreapp3.1\CaffeineCrashProvider.Test.dll" adapterTypeName="executor://xunit/VsTestRunner2/netcoreapp" className="CaffeineCrashProvider.Sizes.SizesBottleTest" name="CoffeeSizes_CreateReasonableTimes" />
    </UnitTest>
    <UnitTest name="CaffeineCrashProvider.Sizes.SizesCoffeehouseTest.RegularSizes_CreateReasonableTimes" storage="c:\git\caffeinecrashcue\caffeinecrashprovider.test\bin\debug\netcoreapp3.1\caffeinecrashprovider.test.dll" id="99ff6d1d-6770-727f-e58f-8a45891a56ad">
      <Execution id="497d1a51-8a5c-4f8a-953c-de2ce99bb77d" />
      <TestMethod codeBase="C:\git\CaffeineCrashCue\CaffeineCrashProvider.Test\bin\Debug\netcoreapp3.1\CaffeineCrashProvider.Test.dll" adapterTypeName="executor://xunit/VsTestRunner2/netcoreapp" className="CaffeineCrashProvider.Sizes.SizesCoffeehouseTest" name="RegularSizes_CreateReasonableTimes" />
    </UnitTest>
    <UnitTest name="CaffeineCrashProvider.Sizes.SizesCoffeehouseTest.Green_Tea_LatteSizes_CreateReasonableTimes" storage="c:\git\caffeinecrashcue\caffeinecrashprovider.test\bin\debug\netcoreapp3.1\caffeinecrashprovider.test.dll" id="f3b85a79-2aeb-0cb6-c420-0a65ef81a967">
      <Execution id="1b6d218d-5bbf-4f44-bbef-b7a095c43957" />
      <TestMethod codeBase="C:\git\CaffeineCrashCue\CaffeineCrashProvider.Test\bin\Debug\netcoreapp3.1\CaffeineCrashProvider.Test.dll" adapterTypeName="executor://xunit/VsTestRunner2/netcoreapp" className="CaffeineCrashProvider.Sizes.SizesCoffeehouseTest" name="Green_Tea_LatteSizes_CreateReasonableTimes" />
    </UnitTest>
  </TestDefinitions>
  <TestEntries>
    <TestEntry testId="db1f0f57-dfbf-7d64-4359-94fbe4f3d8ed" executionId="7039701b-ad08-4282-85c1-288d76b35fdb" testListId="8c84fa94-04c1-424b-9868-57a2d4851a1d" />
    <TestEntry testId="0fb91090-29cd-2b5d-a546-44e8c2e92b2b" executionId="59bcec15-8c06-48fc-8ec2-78d3ed42851e" testListId="8c84fa94-04c1-424b-9868-57a2d4851a1d" />
    <TestEntry testId="1e002cdf-73d2-7efb-59d0-153130404d3e" executionId="91492ba3-85d4-4572-91f6-ec1b170c2220" testListId="8c84fa94-04c1-424b-9868-57a2d4851a1d" />
    <TestEntry testId="c2441976-e9d5-4a7c-6066-d970dffe5c3d" executionId="3a448a02-4cdd-4a93-853c-b966fbd2e974" testListId="8c84fa94-04c1-424b-9868-57a2d4851a1d" />
    <TestEntry testId="609ec003-ed60-90ac-64ad-863fb2cfa166" executionId="c1f26de8-95ac-4e1e-9916-a73b500dfb55" testListId="8c84fa94-04c1-424b-9868-57a2d4851a1d" />
    <TestEntry testId="097a3506-fa91-8c04-3efd-a51a0bf5b35c" executionId="6415a717-2c4f-4693-98bb-099ab955138b" testListId="8c84fa94-04c1-424b-9868-57a2d4851a1d" />
    <TestEntry testId="5613d3ed-fc63-4065-d9c3-657a0a8ae631" executionId="c8649a9b-3cc8-433f-b9b7-6218d131c1ca" testListId="8c84fa94-04c1-424b-9868-57a2d4851a1d" />
    <TestEntry testId="99ff6d1d-6770-727f-e58f-8a45891a56ad" executionId="497d1a51-8a5c-4f8a-953c-de2ce99bb77d" testListId="8c84fa94-04c1-424b-9868-57a2d4851a1d" />
    <TestEntry testId="5598bb77-a9fd-af9d-da1b-1f5a693696ef" executionId="c0161e37-447b-40b9-973e-c05c92f25819" testListId="8c84fa94-04c1-424b-9868-57a2d4851a1d" />
    <TestEntry testId="e57200aa-c14d-52ca-d21b-7efa942d10bd" executionId="f9ed60e9-69b0-49cd-9a9e-661b9e1f30ce" testListId="8c84fa94-04c1-424b-9868-57a2d4851a1d" />
    <TestEntry testId="328e1c06-3ddf-bdb8-e112-366ac49c7d3e" executionId="46b752e9-4bfe-4c3a-8fd1-c5f5d0fc2bed" testListId="8c84fa94-04c1-424b-9868-57a2d4851a1d" />
    <TestEntry testId="dd276f16-e833-ed69-f959-d4827b4bcd2b" executionId="3037cd15-1c70-4f1f-b086-08134c7c3af9" testListId="8c84fa94-04c1-424b-9868-57a2d4851a1d" />
    <TestEntry testId="337c480b-d3d5-6ffb-8e01-5c4de9f0d9fe" executionId="2e3d6840-ac8a-4945-a330-e85b05ceafa7" testListId="8c84fa94-04c1-424b-9868-57a2d4851a1d" />
    <TestEntry testId="2df08213-f4f0-80b4-4f09-49ce344a8fab" executionId="eb342393-da0a-4e5f-888e-59fde30c9c21" testListId="8c84fa94-04c1-424b-9868-57a2d4851a1d" />
    <TestEntry testId="0f2cf696-29c1-a23e-a86a-c64f22c09064" executionId="9c0e2195-6064-42a5-89ac-b22492907a37" testListId="8c84fa94-04c1-424b-9868-57a2d4851a1d" />
    <TestEntry testId="00183d72-d790-e708-235e-1fa91be48ac1" executionId="247b6694-7f78-4075-81bc-0f3a63c3a253" testListId="8c84fa94-04c1-424b-9868-57a2d4851a1d" />
    <TestEntry testId="5d30d17d-a1dd-0275-69af-2777cf99f996" executionId="29cdac3b-d954-4048-b078-94d16e90c825" testListId="8c84fa94-04c1-424b-9868-57a2d4851a1d" />
    <TestEntry testId="b2b54bda-c7c5-6e12-9d30-3e930cbfaaff" executionId="23c48cef-71fb-45dd-9c3a-dcc58b733686" testListId="8c84fa94-04c1-424b-9868-57a2d4851a1d" />
    <TestEntry testId="f3b85a79-2aeb-0cb6-c420-0a65ef81a967" executionId="1b6d218d-5bbf-4f44-bbef-b7a095c43957" testListId="8c84fa94-04c1-424b-9868-57a2d4851a1d" />
    <TestEntry testId="d6256e45-4c76-6943-6d24-c4b5a62d29f2" executionId="f2b44565-8522-4717-98eb-14cdb01c4cdb" testListId="8c84fa94-04c1-424b-9868-57a2d4851a1d" />
    <TestEntry testId="cb9e3e00-eec0-feb7-df9c-ce71d9954035" executionId="0269cb62-673d-4fb7-9e61-c76b85e83f3d" testListId="8c84fa94-04c1-424b-9868-57a2d4851a1d" />
    <TestEntry testId="5c357f2f-b5c4-fa76-4bda-eefc9f554650" executionId="27ada954-28a5-448f-a851-d019399cc5e5" testListId="8c84fa94-04c1-424b-9868-57a2d4851a1d" />
    <TestEntry testId="d282f326-a5fd-494d-3db8-5f1c3f3f3bb5" executionId="cf24fb62-e2c9-4efe-a71d-f75869542d44" testListId="8c84fa94-04c1-424b-9868-57a2d4851a1d" />
    <TestEntry testId="824332cd-c991-08df-9da1-6a5ac1f16951" executionId="f53bc4df-8903-4c3c-93a7-c8701bbc44a5" testListId="8c84fa94-04c1-424b-9868-57a2d4851a1d" />
    <TestEntry testId="e5d93527-0fad-5fb7-6f02-672ea7a22eff" executionId="53f2c06c-b4ff-4a22-8933-8f2ce7f5343d" testListId="8c84fa94-04c1-424b-9868-57a2d4851a1d" />
    <TestEntry testId="eb7cc627-497f-d703-756b-1265aad400f2" executionId="95b0f678-d453-426a-97f5-22263c41cf34" testListId="8c84fa94-04c1-424b-9868-57a2d4851a1d" />
    <TestEntry testId="62a417d9-d19f-ae51-2b7e-b19fbbb03ada" executionId="8451c787-ff83-47a1-b7bc-0953523eadaa" testListId="8c84fa94-04c1-424b-9868-57a2d4851a1d" />
    <TestEntry testId="b386e336-ac8c-3542-deee-e789773ea702" executionId="72c85285-f743-4899-817f-0833ae5e778a" testListId="8c84fa94-04c1-424b-9868-57a2d4851a1d" />
    <TestEntry testId="b4ad1e61-b538-bb07-414b-02f9667e54fb" executionId="4a8b5194-44c2-439f-9880-1d11d04ef37e" testListId="8c84fa94-04c1-424b-9868-57a2d4851a1d" />
    <TestEntry testId="255d98cb-c013-9ee7-5a13-ced29b00883c" executionId="2e2f4325-4eb6-4df1-95a8-32a55c96f648" testListId="8c84fa94-04c1-424b-9868-57a2d4851a1d" />
    <TestEntry testId="07b3952b-71ca-530b-941c-0e3abfb43951" executionId="f51036ae-6593-423e-886a-5b3a0f54c2bb" testListId="8c84fa94-04c1-424b-9868-57a2d4851a1d" />
    <TestEntry testId="0f8d9e86-fcc1-1255-779b-69fa169378bf" executionId="60a9a567-e354-4b56-8372-0a73ee472329" testListId="8c84fa94-04c1-424b-9868-57a2d4851a1d" />
    <TestEntry testId="f9c6c704-a901-b862-8e70-8a4d1bbec7db" executionId="8b2cc27f-4b7d-47d9-8e02-7c924c8dd518" testListId="8c84fa94-04c1-424b-9868-57a2d4851a1d" />
    <TestEntry testId="594a1593-fb23-3665-76cc-b0bdddc0a76e" executionId="3508670f-d7e8-473a-a32d-848ced06dff3" testListId="8c84fa94-04c1-424b-9868-57a2d4851a1d" />
    <TestEntry testId="b7916895-5fb5-5bfe-8d5a-631914a7df37" executionId="b865978e-5368-4328-974f-2c887a058d9c" testListId="8c84fa94-04c1-424b-9868-57a2d4851a1d" />
    <TestEntry testId="14b7a99a-7ceb-f070-3264-0e5a2c27c774" executionId="eeee447c-1a03-4502-9756-2ff84a9315ce" testListId="8c84fa94-04c1-424b-9868-57a2d4851a1d" />
    <TestEntry testId="266ebc09-9dcf-f6b0-e73d-65b44a1fe7e7" executionId="e2caa0ee-dff1-41b6-8936-73cc01855ad2" testListId="8c84fa94-04c1-424b-9868-57a2d4851a1d" />
    <TestEntry testId="34b0158b-ab0c-c5d8-b5e4-7d4b52c36b33" executionId="80033d68-135f-4f9d-8e92-7fac5fb7a90c" testListId="8c84fa94-04c1-424b-9868-57a2d4851a1d" />
    <TestEntry testId="bd9f9283-56b4-8835-2c33-af0901d1b024" executionId="f7a53958-12db-4798-bcee-10dd7b323742" testListId="8c84fa94-04c1-424b-9868-57a2d4851a1d" />
    <TestEntry testId="56a7d48e-0854-41e1-5ee3-df02fb608fa2" executionId="1733dbba-628c-45cd-b5eb-98185d003064" testListId="8c84fa94-04c1-424b-9868-57a2d4851a1d" />
    <TestEntry testId="e7024df8-0804-01c3-fb74-c06d1156af53" executionId="5a8948f9-d3de-4d52-82ff-04c379ab4124" testListId="8c84fa94-04c1-424b-9868-57a2d4851a1d" />
    <TestEntry testId="2ffab48b-f21c-9f60-8229-84b2d5708eb2" executionId="f47d9c7a-e427-498a-9353-d15636a813ff" testListId="8c84fa94-04c1-424b-9868-57a2d4851a1d" />
    <TestEntry testId="ef4284ec-5d94-9819-524d-157b67aacb20" executionId="37e6e6e9-a861-4906-8082-baaaef77258c" testListId="8c84fa94-04c1-424b-9868-57a2d4851a1d" />
    <TestEntry testId="f5e06ff9-db5e-3010-79f3-52ca25ffe836" executionId="524d9908-efe4-483b-b488-7cf1d256912d" testListId="8c84fa94-04c1-424b-9868-57a2d4851a1d" />
    <TestEntry testId="f1e1b876-3dc1-f218-6f45-6bbfe76e1fe4" executionId="38ee739b-ff64-4597-9170-71ec25ca84ae" testListId="8c84fa94-04c1-424b-9868-57a2d4851a1d" />
    <TestEntry testId="c7eb1477-d7b0-849d-0fdd-bc8e23062053" executionId="7601dc90-4bca-4bb1-9e99-eeab00f49593" testListId="8c84fa94-04c1-424b-9868-57a2d4851a1d" />
    <TestEntry testId="55822adc-4c29-229b-995c-4909e2abcca1" executionId="2bd807ca-b4e5-411f-86fe-0b4090479d4d" testListId="8c84fa94-04c1-424b-9868-57a2d4851a1d" />
    <TestEntry testId="2757151e-396f-cf7e-e37e-ecc6cae81a47" executionId="2a24b681-7677-4951-80c4-a8fe8e41a1c0" testListId="8c84fa94-04c1-424b-9868-57a2d4851a1d" />
    <TestEntry testId="78d24ff6-3f21-79d5-d623-9fffaf153193" executionId="419b31fb-5158-4013-a678-68f62d017ce5" testListId="8c84fa94-04c1-424b-9868-57a2d4851a1d" />
    <TestEntry testId="8da2f9a7-9dc8-ba70-7bad-f6638f200f98" executionId="f8299fe8-e7e7-4812-85b5-bb8b0c0f6b17" testListId="8c84fa94-04c1-424b-9868-57a2d4851a1d" />
    <TestEntry testId="78bb7cb0-681f-0554-3c1d-f20fa8558fd2" executionId="4f5cd8fd-659f-4af7-85e2-17a64feffba2" testListId="8c84fa94-04c1-424b-9868-57a2d4851a1d" />
    <TestEntry testId="25e712f7-c449-e945-c0e1-7b4f8a819a57" executionId="2cd05f99-5f54-46a6-880c-a1d7a2353eff" testListId="8c84fa94-04c1-424b-9868-57a2d4851a1d" />
    <TestEntry testId="efe6cd10-277b-26d2-c34f-cc982648b2ae" executionId="7db35579-8871-4949-9d69-5dfb4acbfa46" testListId="8c84fa94-04c1-424b-9868-57a2d4851a1d" />
    <TestEntry testId="99aa8176-ff46-d01b-d5aa-326d6ab75186" executionId="addea750-29e7-4e7b-95d5-ca5df5d5dd93" testListId="8c84fa94-04c1-424b-9868-57a2d4851a1d" />
    <TestEntry testId="96065a2b-fe83-11be-157a-3de1441dd2a5" executionId="f563373a-aedf-4b58-a4f9-b751c8e23402" testListId="8c84fa94-04c1-424b-9868-57a2d4851a1d" />
    <TestEntry testId="9bb486c8-0bb6-3344-6fac-a5e352a605f0" executionId="655b9fe3-c896-4d7c-9ca0-44a34900a1e7" testListId="8c84fa94-04c1-424b-9868-57a2d4851a1d" />
    <TestEntry testId="206f45ce-f0b9-ba50-c71a-e62e42d184aa" executionId="5bea52c0-0598-468f-affb-e9cbccee0995" testListId="8c84fa94-04c1-424b-9868-57a2d4851a1d" />
    <TestEntry testId="60c6c39a-15f9-0ecc-739e-a86af087a6a9" executionId="0c74e0e2-03c1-4b86-b0d8-06cd72ed6955" testListId="8c84fa94-04c1-424b-9868-57a2d4851a1d" />
    <TestEntry testId="8ddd59d8-f35a-b327-17d6-3da52cd447d1" executionId="2c949d06-b298-4bae-9477-d30a2b7d8c68" testListId="8c84fa94-04c1-424b-9868-57a2d4851a1d" />
    <TestEntry testId="72c4f817-f7a5-046d-a7e6-b59b9a6c77b9" executionId="a9d03856-7ed0-4459-a3d4-4d5002c04dec" testListId="8c84fa94-04c1-424b-9868-57a2d4851a1d" />
    <TestEntry testId="ffe33848-a190-3f69-e5a4-873cc18bc618" executionId="fa7e7b10-a142-4cb9-a369-25693a1241d1" testListId="8c84fa94-04c1-424b-9868-57a2d4851a1d" />
    <TestEntry testId="099aa15d-625d-0405-763b-3371fbfd1026" executionId="265ed278-20b3-40ea-8cef-8308bf8773c2" testListId="8c84fa94-04c1-424b-9868-57a2d4851a1d" />
    <TestEntry testId="54830355-5b2a-1d15-ca08-60d9c103c99a" executionId="25a871ee-5779-4906-acd4-4426caaa075c" testListId="8c84fa94-04c1-424b-9868-57a2d4851a1d" />
    <TestEntry testId="5be701f1-d701-c45c-3109-0c55da010df9" executionId="4ea7c6ce-cf05-4242-b58c-c3d5eec2b7c7" testListId="8c84fa94-04c1-424b-9868-57a2d4851a1d" />
  </TestEntries>
  <TestLists>
    <TestList name="Results Not in a List" id="8c84fa94-04c1-424b-9868-57a2d4851a1d" />
    <TestList name="All Loaded Results" id="19431567-8539-422a-85d7-44ee4e166bda" />
  </TestLists>
  <ResultSummary outcome="Completed">
    <Counters total="64" executed="63" passed="63" failed="0" error="0" timeout="0" aborted="0" inconclusive="0" passedButRunAborted="0" notRunnable="0" notExecuted="0" disconnected="0" warning="0" completed="0" inProgress="0" pending="0" />
    <Output>
      <StdOut>[xUnit.net 00:00:00.00] xUnit.net VSTest Adapter v2.4.0 (64-bit .NET Core 3.1.16)&#xD;
[xUnit.net 00:00:00.71]   Discovering: CaffeineCrashProvider.Test&#xD;
[xUnit.net 00:00:00.76]   Discovered:  CaffeineCrashProvider.Test&#xD;
[xUnit.net 00:00:00.77]   Starting:    CaffeineCrashProvider.Test&#xD;
[xUnit.net 00:00:00.93]       Skipping for Jenkins&#xD;
[xUnit.net 00:00:00.93]   Finished:    CaffeineCrashProvider.Test&#xD;
Test 'CaffeineCrashProvider.Sizes.SizesBottleTest.SkippingATestForJenkins' was skipped in the test run.&#xD;
</StdOut>
    </Output>
    <RunInfos>
      <RunInfo computerName="GWTN156-4" outcome="Warning" timestamp="2021-10-30T00:32:30.1260081-04:00">
        <Text>[xUnit.net 00:00:00.93]     CaffeineCrashProvider.Sizes.SizesBottleTest.SkippingATestForJenkins [SKIP]</Text>
      </RunInfo>
    </RunInfos>
  </ResultSummary>
</TestRun>